# Bake Begins!
### (1 of 6) Copy sources
$ cp -a /home/travis/build/fontdirectory/almendrasc/METADATA.json /home/travis/build/fontdirectory/almendrasc/builds/build
$ cp -a /home/travis/build/fontdirectory/almendrasc/FONTLOG.txt /home/travis/build/fontdirectory/almendrasc/builds/build
$ cp -a /home/travis/build/fontdirectory/almendrasc/DESCRIPTION.en_us.html /home/travis/build/fontdirectory/almendrasc/builds/build
$ cp -a AlmendraSC-Regular.ttf.ttx AlmendraSC-BoldItalic.ttf.ttx AlmendraSC-Bold.ttf.ttx AlmendraSC-Italic.ttf.ttx src/AlmendraSC-Italic.otf.ttx src/AlmendraSC-Regular-original.otf.ttx src/AlmendraSC-Regular.otf.ttx src/AlmendraSC-BoldItalic-original.otf.ttx src/AlmendraSC-Bold-original.otf.ttx src/AlmendraSC-BoldItalic.otf.ttx src/AlmendraSC-Italic-original.otf.ttx src/AlmendraSC-Bold.otf.ttx src/AlmendraSC-Bold-TTF.sfd src/AlmendraSC-BoldItalic-TTF.sfd src/AlmendraSC-Regular-TTF.sfd AlmendraSC-Regular.ttf._h_e_a_d.ttx AlmendraSC-Regular.ttf.D_S_I_G_.ttx AlmendraSC-Regular.ttf._p_r_e_p.ttx AlmendraSC-Regular.ttf._h_m_t_x.ttx AlmendraSC-Regular.ttf.G_D_E_F_.ttx AlmendraSC-Regular.ttf._h_h_e_a.ttx AlmendraSC-Regular.ttf._n_a_m_e.ttx AlmendraSC-Regular.ttf._m_a_x_p.ttx AlmendraSC-Regular.ttf._p_o_s_t.ttx AlmendraSC-Regular.ttf._l_o_c_a.ttx AlmendraSC-Regular.ttf.O_S_2f_2.ttx AlmendraSC-Regular.ttf._g_l_y_f.ttx AlmendraSC-Regular.ttf.GlyphOrder.ttx AlmendraSC-Regular.ttf._c_m_a_p.ttx AlmendraSC-Regular.ttf._g_a_s_p.ttx AlmendraSC-Regular.ttf.F_F_T_M_.ttx AlmendraSC-BoldItalic.ttf._h_e_a_d.ttx AlmendraSC-BoldItalic.ttf.G_P_O_S_.ttx AlmendraSC-BoldItalic.ttf.GlyphOrder.ttx AlmendraSC-BoldItalic.ttf._g_a_s_p.ttx AlmendraSC-BoldItalic.ttf._p_r_e_p.ttx AlmendraSC-BoldItalic.ttf._p_o_s_t.ttx AlmendraSC-BoldItalic.ttf.F_F_T_M_.ttx AlmendraSC-BoldItalic.ttf._n_a_m_e.ttx AlmendraSC-BoldItalic.ttf._l_o_c_a.ttx AlmendraSC-BoldItalic.ttf.G_S_U_B_.ttx AlmendraSC-BoldItalic.ttf._c_m_a_p.ttx AlmendraSC-BoldItalic.ttf.G_D_E_F_.ttx AlmendraSC-BoldItalic.ttf._h_h_e_a.ttx AlmendraSC-BoldItalic.ttf._g_l_y_f.ttx AlmendraSC-BoldItalic.ttf.D_S_I_G_.ttx AlmendraSC-BoldItalic.ttf._m_a_x_p.ttx AlmendraSC-BoldItalic.ttf._h_m_t_x.ttx AlmendraSC-BoldItalic.ttf.O_S_2f_2.ttx AlmendraSC-Bold.ttf._g_a_s_p.ttx AlmendraSC-Bold.ttf._h_m_t_x.ttx AlmendraSC-Bold.ttf._g_l_y_f.ttx AlmendraSC-Bold.ttf._p_o_s_t.ttx AlmendraSC-Bold.ttf._n_a_m_e.ttx AlmendraSC-Bold.ttf._c_m_a_p.ttx AlmendraSC-Bold.ttf._p_r_e_p.ttx AlmendraSC-Bold.ttf._h_h_e_a.ttx AlmendraSC-Bold.ttf._h_e_a_d.ttx AlmendraSC-Bold.ttf.G_P_O_S_.ttx AlmendraSC-Bold.ttf.D_S_I_G_.ttx AlmendraSC-Bold.ttf.F_F_T_M_.ttx AlmendraSC-Bold.ttf.G_S_U_B_.ttx AlmendraSC-Bold.ttf.G_D_E_F_.ttx AlmendraSC-Bold.ttf.O_S_2f_2.ttx AlmendraSC-Bold.ttf._l_o_c_a.ttx AlmendraSC-Bold.ttf._m_a_x_p.ttx AlmendraSC-Bold.ttf.GlyphOrder.ttx AlmendraSC-Italic.ttf._n_a_m_e.ttx AlmendraSC-Italic.ttf.O_S_2f_2.ttx AlmendraSC-Italic.ttf.D_S_I_G_.ttx AlmendraSC-Italic.ttf._l_o_c_a.ttx AlmendraSC-Italic.ttf._p_o_s_t.ttx AlmendraSC-Italic.ttf._c_m_a_p.ttx AlmendraSC-Italic.ttf.G_D_E_F_.ttx AlmendraSC-Italic.ttf._h_m_t_x.ttx AlmendraSC-Italic.ttf._p_r_e_p.ttx AlmendraSC-Italic.ttf.GlyphOrder.ttx AlmendraSC-Italic.ttf.F_F_T_M_.ttx AlmendraSC-Italic.ttf._h_h_e_a.ttx AlmendraSC-Italic.ttf._h_e_a_d.ttx AlmendraSC-Italic.ttf._m_a_x_p.ttx AlmendraSC-Italic.ttf._g_a_s_p.ttx AlmendraSC-Italic.ttf._g_l_y_f.ttx src/AlmendraSC-Italic.otf._h_m_t_x.ttx src/AlmendraSC-Italic.otf._h_h_e_a.ttx src/AlmendraSC-Italic.otf._m_a_x_p.ttx src/AlmendraSC-Italic.otf._n_a_m_e.ttx src/AlmendraSC-Italic.otf._p_o_s_t.ttx src/AlmendraSC-Italic.otf.GlyphOrder.ttx src/AlmendraSC-Italic.otf._h_e_a_d.ttx src/AlmendraSC-Italic.otf._c_m_a_p.ttx src/AlmendraSC-Italic.otf.C_F_F_.ttx src/AlmendraSC-Italic.otf.O_S_2f_2.ttx src/AlmendraSC-Regular-original.otf._p_o_s_t.ttx src/AlmendraSC-Regular-original.otf.C_F_F_.ttx src/AlmendraSC-Regular-original.otf._n_a_m_e.ttx src/AlmendraSC-Regular-original.otf._h_m_t_x.ttx src/AlmendraSC-Regular-original.otf._c_m_a_p.ttx src/AlmendraSC-Regular-original.otf._h_h_e_a.ttx src/AlmendraSC-Regular-original.otf.O_S_2f_2.ttx src/AlmendraSC-Regular-original.otf._h_e_a_d.ttx src/AlmendraSC-Regular-original.otf.GlyphOrder.ttx src/AlmendraSC-Regular-original.otf._m_a_x_p.ttx src/AlmendraSC-Regular.otf.O_S_2f_2.ttx src/AlmendraSC-Regular.otf._h_m_t_x.ttx src/AlmendraSC-Regular.otf._h_h_e_a.ttx src/AlmendraSC-Regular.otf._n_a_m_e.ttx src/AlmendraSC-Regular.otf._c_m_a_p.ttx src/AlmendraSC-Regular.otf.C_F_F_.ttx src/AlmendraSC-Regular.otf._m_a_x_p.ttx src/AlmendraSC-Regular.otf._h_e_a_d.ttx src/AlmendraSC-Regular.otf.GlyphOrder.ttx src/AlmendraSC-Regular.otf._p_o_s_t.ttx src/AlmendraSC-BoldItalic-original.otf._h_e_a_d.ttx src/AlmendraSC-BoldItalic-original.otf.GlyphOrder.ttx src/AlmendraSC-BoldItalic-original.otf.O_S_2f_2.ttx src/AlmendraSC-BoldItalic-original.otf._c_m_a_p.ttx src/AlmendraSC-BoldItalic-original.otf.C_F_F_.ttx src/AlmendraSC-BoldItalic-original.otf._k_e_r_n.ttx src/AlmendraSC-BoldItalic-original.otf._h_h_e_a.ttx src/AlmendraSC-BoldItalic-original.otf._p_o_s_t.ttx src/AlmendraSC-BoldItalic-original.otf._m_a_x_p.ttx src/AlmendraSC-BoldItalic-original.otf.G_P_O_S_.ttx src/AlmendraSC-BoldItalic-original.otf._n_a_m_e.ttx src/AlmendraSC-BoldItalic-original.otf._h_m_t_x.ttx src/AlmendraSC-Bold-original.otf.GlyphOrder.ttx src/AlmendraSC-Bold-original.otf.C_F_F_.ttx src/AlmendraSC-Bold-original.otf._p_o_s_t.ttx src/AlmendraSC-Bold-original.otf._h_m_t_x.ttx src/AlmendraSC-Bold-original.otf._c_m_a_p.ttx src/AlmendraSC-Bold-original.otf._n_a_m_e.ttx src/AlmendraSC-Bold-original.otf._h_h_e_a.ttx src/AlmendraSC-Bold-original.otf.O_S_2f_2.ttx src/AlmendraSC-Bold-original.otf._k_e_r_n.ttx src/AlmendraSC-Bold-original.otf._m_a_x_p.ttx src/AlmendraSC-Bold-original.otf.G_P_O_S_.ttx src/AlmendraSC-Bold-original.otf._h_e_a_d.ttx src/AlmendraSC-BoldItalic.otf.O_S_2f_2.ttx src/AlmendraSC-BoldItalic.otf.C_F_F_.ttx src/AlmendraSC-BoldItalic.otf._k_e_r_n.ttx src/AlmendraSC-BoldItalic.otf.G_P_O_S_.ttx src/AlmendraSC-BoldItalic.otf._h_m_t_x.ttx src/AlmendraSC-BoldItalic.otf._n_a_m_e.ttx src/AlmendraSC-BoldItalic.otf._h_e_a_d.ttx src/AlmendraSC-BoldItalic.otf.GlyphOrder.ttx src/AlmendraSC-BoldItalic.otf._h_h_e_a.ttx src/AlmendraSC-BoldItalic.otf._c_m_a_p.ttx src/AlmendraSC-BoldItalic.otf._m_a_x_p.ttx src/AlmendraSC-BoldItalic.otf._p_o_s_t.ttx src/AlmendraSC-Italic-original.otf._p_o_s_t.ttx src/AlmendraSC-Italic-original.otf._n_a_m_e.ttx src/AlmendraSC-Italic-original.otf.O_S_2f_2.ttx src/AlmendraSC-Italic-original.otf._h_m_t_x.ttx src/AlmendraSC-Italic-original.otf._h_h_e_a.ttx src/AlmendraSC-Italic-original.otf.C_F_F_.ttx src/AlmendraSC-Italic-original.otf._c_m_a_p.ttx src/AlmendraSC-Italic-original.otf._h_e_a_d.ttx src/AlmendraSC-Italic-original.otf.GlyphOrder.ttx src/AlmendraSC-Italic-original.otf._m_a_x_p.ttx src/AlmendraSC-Bold.otf._p_o_s_t.ttx src/AlmendraSC-Bold.otf.C_F_F_.ttx src/AlmendraSC-Bold.otf._h_e_a_d.ttx src/AlmendraSC-Bold.otf._h_m_t_x.ttx src/AlmendraSC-Bold.otf._h_h_e_a.ttx src/AlmendraSC-Bold.otf._c_m_a_p.ttx src/AlmendraSC-Bold.otf._k_e_r_n.ttx src/AlmendraSC-Bold.otf._n_a_m_e.ttx src/AlmendraSC-Bold.otf.GlyphOrder.ttx src/AlmendraSC-Bold.otf.G_P_O_S_.ttx src/AlmendraSC-Bold.otf.O_S_2f_2.ttx src/AlmendraSC-Bold.otf._m_a_x_p.ttx /home/travis/build/fontdirectory/almendrasc/builds/build/sources
### (2 of 6) pyfontaine
### (3 of 6) Run upstream tests
$ fontbakery-check.py upstream-repo sources
$ fontaine --collections subsets --text /home/travis/build/fontdirectory/almendrasc/builds/build/sources/AlmendraSC-Italic.otf.ttx /home/travis/build/fontdirectory/almendrasc/builds/build/sources/AlmendraSC-Regular-original.otf.ttx /home/travis/build/fontdirectory/almendrasc/builds/build/sources/AlmendraSC-Regular.ttf.ttx /home/travis/build/fontdirectory/almendrasc/builds/build/sources/AlmendraSC-BoldItalic.ttf.ttx /home/travis/build/fontdirectory/almendrasc/builds/build/sources/AlmendraSC-Regular.otf.ttx /home/travis/build/fontdirectory/almendrasc/builds/build/sources/AlmendraSC-Bold.ttf.ttx /home/travis/build/fontdirectory/almendrasc/builds/build/sources/AlmendraSC-BoldItalic-original.otf.ttx /home/travis/build/fontdirectory/almendrasc/builds/build/sources/AlmendraSC-Bold-original.otf.ttx /home/travis/build/fontdirectory/almendrasc/builds/build/sources/AlmendraSC-BoldItalic.otf.ttx /home/travis/build/fontdirectory/almendrasc/builds/build/sources/AlmendraSC-Italic-original.otf.ttx /home/travis/build/fontdirectory/almendrasc/builds/build/sources/AlmendraSC-Italic.ttf.ttx /home/travis/build/fontdirectory/almendrasc/builds/build/sources/AlmendraSC-Bold.otf.ttx /home/travis/build/fontdirectory/almendrasc/builds/build/sources/AlmendraSC-Bold-TTF.sfd /home/travis/build/fontdirectory/almendrasc/builds/build/sources/AlmendraSC-BoldItalic-TTF.sfd /home/travis/build/fontdirectory/almendrasc/builds/build/sources/AlmendraSC-Regular-TTF.sfd > fontaine.txt
WARNING: Please install [PyICU](https://pypi.python.org/pypi/PyICU) toenable [feature], perhaps with: pip install pyicu
bakery_lint.tests.upstream.test_prepolation.FontTestPrepolation.test_font_prepolation_glyph_contours(): OK
pyfontaine error: Not a TrueType or OpenType font (bad sfntVersion)
pyfontaine process has been failed
bakery_lint.tests.upstream.test_prepolation.FontTestPrepolation.test_font_prepolation_glyph_points(): OK
bakery_lint.tests.upstream.test_prepolation.FontTestPrepolation.test_font_test_prepolation_glyph_names(): OK
bakery_lint.tests.upstream.test_check_upstream_sources.ProjectUpstreamTestCase.test_bakery_yaml_exists(): OK
bakery_lint.tests.upstream.test_check_upstream_sources.ProjectUpstreamTestCase.test_copyright_notices_same_across_family(): OK
bakery_lint.tests.upstream.test_check_upstream_sources.ProjectUpstreamTestCase.test_description_html_exists(): OK
bakery_lint.tests.upstream.test_check_upstream_sources.ProjectUpstreamTestCase.test_fontlog_txt_exists(): OK
bakery_lint.tests.upstream.test_check_upstream_sources.ProjectUpstreamTestCase.test_metadata_json_exists(): OK
bakery_lint.tests.upstream.test_diacritic.TestDiacritic.test_diacritic_made_as_component(): OK
bakery_lint.tests.upstream.test_diacritic.TestDiacritic.test_diacritic_made_as_mark_to_mark(): OK
bakery_lint.tests.upstream.test_diacritic.TestDiacritic.test_diacritic_made_as_own_glyphs(): OK
$ fontbakery-check.py upstream-ttx AlmendraSC-Italic.otf.ttx
bakery_lint.tests.upstream.test_check_ttx_requirements.SourceTTXTest.test_epar_in_keys(): FAIL
bakery_lint.tests.upstream.test_check_ttx_requirements.SourceTTXTest.test_os2_in_keys(): OK
bakery_lint.tests.upstream.test_check_ttx_requirements.SourceTTXTest.test_ttx_doesnt_contain_duplicate_glyphs(): OK
bakery_lint.tests.upstream.test_glyphname_does_not_contain_disallowed_chars.TestGlyphNameDoesNotContainsDisallowedChars.test_glyphname_does_not_contain_disallowed_chars(): FAIL
bakery_lint.tests.upstream.test_check_ttx_fontfamily_recommendations.TTX_FontFamilyNamingTest.test_ttx_family_naming_recommendation(): OK
bakery_lint.tests.upstream.test_font_filename_eq_familystyle.TestTTFSourceFontFileNameEqualsFamilyStyle.test_source_ttf_font_filename_equals_familystyle(): FAIL
$ mv /home/travis/build/fontdirectory/almendrasc/builds/build/sources/AlmendraSC-Italic.otf.ttx /home/travis/build/fontdirectory/almendrasc/builds/build/sources/AlmendraSC-Italic.ttx
bakery_lint.tests.upstream.test_font_filename_eq_familystyle.TestTTFSourceFontFileNameEqualsFamilyStyle.test_source_ttf_font_filename_equals_familystyle(): OK
$ fontbakery-check.py upstream-ttx AlmendraSC-Regular-original.otf.ttx
bakery_lint.tests.upstream.test_check_ttx_requirements.SourceTTXTest.test_epar_in_keys(): FAIL
bakery_lint.tests.upstream.test_check_ttx_requirements.SourceTTXTest.test_os2_in_keys(): OK
bakery_lint.tests.upstream.test_check_ttx_requirements.SourceTTXTest.test_ttx_doesnt_contain_duplicate_glyphs(): OK
bakery_lint.tests.upstream.test_glyphname_does_not_contain_disallowed_chars.TestGlyphNameDoesNotContainsDisallowedChars.test_glyphname_does_not_contain_disallowed_chars(): FAIL
bakery_lint.tests.upstream.test_check_ttx_fontfamily_recommendations.TTX_FontFamilyNamingTest.test_ttx_family_naming_recommendation(): OK
bakery_lint.tests.upstream.test_font_filename_eq_familystyle.TestTTFSourceFontFileNameEqualsFamilyStyle.test_source_ttf_font_filename_equals_familystyle(): FAIL
$ mv /home/travis/build/fontdirectory/almendrasc/builds/build/sources/AlmendraSC-Regular-original.otf.ttx /home/travis/build/fontdirectory/almendrasc/builds/build/sources/AlmendraSC-Regular.ttx
bakery_lint.tests.upstream.test_font_filename_eq_familystyle.TestTTFSourceFontFileNameEqualsFamilyStyle.test_source_ttf_font_filename_equals_familystyle(): OK
$ fontbakery-check.py upstream-ttx AlmendraSC-Regular.ttf.ttx
bakery_lint.tests.upstream.test_check_ttx_requirements.SourceTTXTest.test_epar_in_keys(): FAIL
bakery_lint.tests.upstream.test_check_ttx_requirements.SourceTTXTest.test_os2_in_keys(): OK
bakery_lint.tests.upstream.test_check_ttx_requirements.SourceTTXTest.test_ttx_doesnt_contain_duplicate_glyphs(): OK
bakery_lint.tests.upstream.test_glyphname_does_not_contain_disallowed_chars.TestGlyphNameDoesNotContainsDisallowedChars.test_glyphname_does_not_contain_disallowed_chars(): FAIL
bakery_lint.tests.upstream.test_check_ttx_fontfamily_recommendations.TTX_FontFamilyNamingTest.test_ttx_family_naming_recommendation(): OK
bakery_lint.tests.upstream.test_font_filename_eq_familystyle.TestTTFSourceFontFileNameEqualsFamilyStyle.test_source_ttf_font_filename_equals_familystyle(): FAIL
$ mv /home/travis/build/fontdirectory/almendrasc/builds/build/sources/AlmendraSC-Regular.ttf.ttx /home/travis/build/fontdirectory/almendrasc/builds/build/sources/AlmendraSC-Regular.ttx
bakery_lint.tests.upstream.test_font_filename_eq_familystyle.TestTTFSourceFontFileNameEqualsFamilyStyle.test_source_ttf_font_filename_equals_familystyle(): OK
$ fontbakery-check.py upstream-ttx AlmendraSC-BoldItalic.ttf.ttx
bakery_lint.tests.upstream.test_check_ttx_requirements.SourceTTXTest.test_epar_in_keys(): FAIL
bakery_lint.tests.upstream.test_check_ttx_requirements.SourceTTXTest.test_os2_in_keys(): OK
bakery_lint.tests.upstream.test_check_ttx_requirements.SourceTTXTest.test_ttx_doesnt_contain_duplicate_glyphs(): OK
bakery_lint.tests.upstream.test_glyphname_does_not_contain_disallowed_chars.TestGlyphNameDoesNotContainsDisallowedChars.test_glyphname_does_not_contain_disallowed_chars(): FAIL
bakery_lint.tests.upstream.test_check_ttx_fontfamily_recommendations.TTX_FontFamilyNamingTest.test_ttx_family_naming_recommendation(): OK
bakery_lint.tests.upstream.test_font_filename_eq_familystyle.TestTTFSourceFontFileNameEqualsFamilyStyle.test_source_ttf_font_filename_equals_familystyle(): FAIL
$ mv /home/travis/build/fontdirectory/almendrasc/builds/build/sources/AlmendraSC-BoldItalic.ttf.ttx /home/travis/build/fontdirectory/almendrasc/builds/build/sources/AlmendraSC-BoldItalic.ttx
bakery_lint.tests.upstream.test_font_filename_eq_familystyle.TestTTFSourceFontFileNameEqualsFamilyStyle.test_source_ttf_font_filename_equals_familystyle(): OK
$ fontbakery-check.py upstream-ttx AlmendraSC-Regular.otf.ttx
bakery_lint.tests.upstream.test_check_ttx_requirements.SourceTTXTest.test_epar_in_keys(): FAIL
bakery_lint.tests.upstream.test_check_ttx_requirements.SourceTTXTest.test_os2_in_keys(): OK
bakery_lint.tests.upstream.test_check_ttx_requirements.SourceTTXTest.test_ttx_doesnt_contain_duplicate_glyphs(): OK
bakery_lint.tests.upstream.test_glyphname_does_not_contain_disallowed_chars.TestGlyphNameDoesNotContainsDisallowedChars.test_glyphname_does_not_contain_disallowed_chars(): FAIL
bakery_lint.tests.upstream.test_check_ttx_fontfamily_recommendations.TTX_FontFamilyNamingTest.test_ttx_family_naming_recommendation(): OK
bakery_lint.tests.upstream.test_font_filename_eq_familystyle.TestTTFSourceFontFileNameEqualsFamilyStyle.test_source_ttf_font_filename_equals_familystyle(): FAIL
$ mv /home/travis/build/fontdirectory/almendrasc/builds/build/sources/AlmendraSC-Regular.otf.ttx /home/travis/build/fontdirectory/almendrasc/builds/build/sources/AlmendraSC-Regular.ttx
bakery_lint.tests.upstream.test_font_filename_eq_familystyle.TestTTFSourceFontFileNameEqualsFamilyStyle.test_source_ttf_font_filename_equals_familystyle(): OK
$ fontbakery-check.py upstream-ttx AlmendraSC-Bold.ttf.ttx
bakery_lint.tests.upstream.test_check_ttx_requirements.SourceTTXTest.test_epar_in_keys(): FAIL
bakery_lint.tests.upstream.test_check_ttx_requirements.SourceTTXTest.test_os2_in_keys(): OK
bakery_lint.tests.upstream.test_check_ttx_requirements.SourceTTXTest.test_ttx_doesnt_contain_duplicate_glyphs(): OK
bakery_lint.tests.upstream.test_glyphname_does_not_contain_disallowed_chars.TestGlyphNameDoesNotContainsDisallowedChars.test_glyphname_does_not_contain_disallowed_chars(): FAIL
bakery_lint.tests.upstream.test_check_ttx_fontfamily_recommendations.TTX_FontFamilyNamingTest.test_ttx_family_naming_recommendation(): OK
bakery_lint.tests.upstream.test_font_filename_eq_familystyle.TestTTFSourceFontFileNameEqualsFamilyStyle.test_source_ttf_font_filename_equals_familystyle(): FAIL
$ mv /home/travis/build/fontdirectory/almendrasc/builds/build/sources/AlmendraSC-Bold.ttf.ttx /home/travis/build/fontdirectory/almendrasc/builds/build/sources/AlmendraSC-Bold.ttx
bakery_lint.tests.upstream.test_font_filename_eq_familystyle.TestTTFSourceFontFileNameEqualsFamilyStyle.test_source_ttf_font_filename_equals_familystyle(): OK
$ fontbakery-check.py upstream-ttx AlmendraSC-BoldItalic-original.otf.ttx
bakery_lint.tests.upstream.test_check_ttx_requirements.SourceTTXTest.test_epar_in_keys(): FAIL
bakery_lint.tests.upstream.test_check_ttx_requirements.SourceTTXTest.test_os2_in_keys(): OK
bakery_lint.tests.upstream.test_check_ttx_requirements.SourceTTXTest.test_ttx_doesnt_contain_duplicate_glyphs(): OK
bakery_lint.tests.upstream.test_glyphname_does_not_contain_disallowed_chars.TestGlyphNameDoesNotContainsDisallowedChars.test_glyphname_does_not_contain_disallowed_chars(): FAIL
bakery_lint.tests.upstream.test_check_ttx_fontfamily_recommendations.TTX_FontFamilyNamingTest.test_ttx_family_naming_recommendation(): OK
bakery_lint.tests.upstream.test_font_filename_eq_familystyle.TestTTFSourceFontFileNameEqualsFamilyStyle.test_source_ttf_font_filename_equals_familystyle(): FAIL
$ mv /home/travis/build/fontdirectory/almendrasc/builds/build/sources/AlmendraSC-BoldItalic-original.otf.ttx /home/travis/build/fontdirectory/almendrasc/builds/build/sources/AlmendraSC-Italic.ttx
bakery_lint.tests.upstream.test_font_filename_eq_familystyle.TestTTFSourceFontFileNameEqualsFamilyStyle.test_source_ttf_font_filename_equals_familystyle(): OK
$ fontbakery-check.py upstream-ttx AlmendraSC-Bold-original.otf.ttx
bakery_lint.tests.upstream.test_check_ttx_requirements.SourceTTXTest.test_epar_in_keys(): FAIL
bakery_lint.tests.upstream.test_check_ttx_requirements.SourceTTXTest.test_os2_in_keys(): OK
bakery_lint.tests.upstream.test_check_ttx_requirements.SourceTTXTest.test_ttx_doesnt_contain_duplicate_glyphs(): OK
bakery_lint.tests.upstream.test_glyphname_does_not_contain_disallowed_chars.TestGlyphNameDoesNotContainsDisallowedChars.test_glyphname_does_not_contain_disallowed_chars(): FAIL
bakery_lint.tests.upstream.test_check_ttx_fontfamily_recommendations.TTX_FontFamilyNamingTest.test_ttx_family_naming_recommendation(): OK
bakery_lint.tests.upstream.test_font_filename_eq_familystyle.TestTTFSourceFontFileNameEqualsFamilyStyle.test_source_ttf_font_filename_equals_familystyle(): FAIL
$ mv /home/travis/build/fontdirectory/almendrasc/builds/build/sources/AlmendraSC-Bold-original.otf.ttx /home/travis/build/fontdirectory/almendrasc/builds/build/sources/AlmendraSC-Regular.ttx
bakery_lint.tests.upstream.test_font_filename_eq_familystyle.TestTTFSourceFontFileNameEqualsFamilyStyle.test_source_ttf_font_filename_equals_familystyle(): OK
$ fontbakery-check.py upstream-ttx AlmendraSC-BoldItalic.otf.ttx
bakery_lint.tests.upstream.test_check_ttx_requirements.SourceTTXTest.test_epar_in_keys(): FAIL
bakery_lint.tests.upstream.test_check_ttx_requirements.SourceTTXTest.test_os2_in_keys(): OK
bakery_lint.tests.upstream.test_check_ttx_requirements.SourceTTXTest.test_ttx_doesnt_contain_duplicate_glyphs(): OK
bakery_lint.tests.upstream.test_glyphname_does_not_contain_disallowed_chars.TestGlyphNameDoesNotContainsDisallowedChars.test_glyphname_does_not_contain_disallowed_chars(): FAIL
bakery_lint.tests.upstream.test_check_ttx_fontfamily_recommendations.TTX_FontFamilyNamingTest.test_ttx_family_naming_recommendation(): OK
bakery_lint.tests.upstream.test_font_filename_eq_familystyle.TestTTFSourceFontFileNameEqualsFamilyStyle.test_source_ttf_font_filename_equals_familystyle(): FAIL
$ mv /home/travis/build/fontdirectory/almendrasc/builds/build/sources/AlmendraSC-BoldItalic.otf.ttx /home/travis/build/fontdirectory/almendrasc/builds/build/sources/AlmendraSC-BoldItalic.ttx
bakery_lint.tests.upstream.test_font_filename_eq_familystyle.TestTTFSourceFontFileNameEqualsFamilyStyle.test_source_ttf_font_filename_equals_familystyle(): OK
$ fontbakery-check.py upstream-ttx AlmendraSC-Italic-original.otf.ttx
bakery_lint.tests.upstream.test_check_ttx_requirements.SourceTTXTest.test_epar_in_keys(): FAIL
bakery_lint.tests.upstream.test_check_ttx_requirements.SourceTTXTest.test_os2_in_keys(): OK
bakery_lint.tests.upstream.test_check_ttx_requirements.SourceTTXTest.test_ttx_doesnt_contain_duplicate_glyphs(): OK
bakery_lint.tests.upstream.test_glyphname_does_not_contain_disallowed_chars.TestGlyphNameDoesNotContainsDisallowedChars.test_glyphname_does_not_contain_disallowed_chars(): FAIL
bakery_lint.tests.upstream.test_check_ttx_fontfamily_recommendations.TTX_FontFamilyNamingTest.test_ttx_family_naming_recommendation(): OK
bakery_lint.tests.upstream.test_font_filename_eq_familystyle.TestTTFSourceFontFileNameEqualsFamilyStyle.test_source_ttf_font_filename_equals_familystyle(): FAIL
$ mv /home/travis/build/fontdirectory/almendrasc/builds/build/sources/AlmendraSC-Italic-original.otf.ttx /home/travis/build/fontdirectory/almendrasc/builds/build/sources/AlmendraSC-Italic.ttx
bakery_lint.tests.upstream.test_font_filename_eq_familystyle.TestTTFSourceFontFileNameEqualsFamilyStyle.test_source_ttf_font_filename_equals_familystyle(): OK
$ fontbakery-check.py upstream-ttx AlmendraSC-Italic.ttf.ttx
bakery_lint.tests.upstream.test_check_ttx_requirements.SourceTTXTest.test_epar_in_keys(): FAIL
bakery_lint.tests.upstream.test_check_ttx_requirements.SourceTTXTest.test_os2_in_keys(): OK
bakery_lint.tests.upstream.test_check_ttx_requirements.SourceTTXTest.test_ttx_doesnt_contain_duplicate_glyphs(): OK
bakery_lint.tests.upstream.test_glyphname_does_not_contain_disallowed_chars.TestGlyphNameDoesNotContainsDisallowedChars.test_glyphname_does_not_contain_disallowed_chars(): FAIL
bakery_lint.tests.upstream.test_check_ttx_fontfamily_recommendations.TTX_FontFamilyNamingTest.test_ttx_family_naming_recommendation(): OK
bakery_lint.tests.upstream.test_font_filename_eq_familystyle.TestTTFSourceFontFileNameEqualsFamilyStyle.test_source_ttf_font_filename_equals_familystyle(): FAIL
$ mv /home/travis/build/fontdirectory/almendrasc/builds/build/sources/AlmendraSC-Italic.ttf.ttx /home/travis/build/fontdirectory/almendrasc/builds/build/sources/AlmendraSC-Italic.ttx
bakery_lint.tests.upstream.test_font_filename_eq_familystyle.TestTTFSourceFontFileNameEqualsFamilyStyle.test_source_ttf_font_filename_equals_familystyle(): OK
$ fontbakery-check.py upstream-ttx AlmendraSC-Bold.otf.ttx
bakery_lint.tests.upstream.test_check_ttx_requirements.SourceTTXTest.test_epar_in_keys(): FAIL
bakery_lint.tests.upstream.test_check_ttx_requirements.SourceTTXTest.test_os2_in_keys(): OK
bakery_lint.tests.upstream.test_check_ttx_requirements.SourceTTXTest.test_ttx_doesnt_contain_duplicate_glyphs(): OK
bakery_lint.tests.upstream.test_glyphname_does_not_contain_disallowed_chars.TestGlyphNameDoesNotContainsDisallowedChars.test_glyphname_does_not_contain_disallowed_chars(): FAIL
bakery_lint.tests.upstream.test_check_ttx_fontfamily_recommendations.TTX_FontFamilyNamingTest.test_ttx_family_naming_recommendation(): OK
bakery_lint.tests.upstream.test_font_filename_eq_familystyle.TestTTFSourceFontFileNameEqualsFamilyStyle.test_source_ttf_font_filename_equals_familystyle(): FAIL
$ mv /home/travis/build/fontdirectory/almendrasc/builds/build/sources/AlmendraSC-Bold.otf.ttx /home/travis/build/fontdirectory/almendrasc/builds/build/sources/AlmendraSC-Bold.ttx
bakery_lint.tests.upstream.test_font_filename_eq_familystyle.TestTTFSourceFontFileNameEqualsFamilyStyle.test_source_ttf_font_filename_equals_familystyle(): OK
$ fontbakery-check.py upstream AlmendraSC-Bold-TTF.sfd
bakery_lint.tests.upstream.test_contour_count.TestContourCount.test_contour_count(): ERROR
bakery_lint.tests.upstream.test_unicode_value_should_appear_only_once_per_font.UnicodeValueShouldAppearOnlyOnce.testUnicodeValue(): ERROR
bakery_lint.tests.upstream.test_check_ufo_fontfamily_recommendations.TestUFOFontFamilyNamingTest.test_familyname_less_than_32_chars(): OK
bakery_lint.tests.upstream.test_check_ufo_fontfamily_recommendations.TestUFOFontFamilyNamingTest.test_fullfontname_less_than_64_chars(): OK
bakery_lint.tests.upstream.test_check_ufo_fontfamily_recommendations.TestUFOFontFamilyNamingTest.test_postscriptname_consistof_allowed_chars(): OK
bakery_lint.tests.upstream.test_check_ufo_fontfamily_recommendations.TestUFOFontFamilyNamingTest.test_postscriptname_less_than_30_chars(): OK
bakery_lint.tests.upstream.test_check_ufo_fontfamily_recommendations.TestUFOFontFamilyNamingTest.test_stylename_less_than_32_chars(): OK
bakery_lint.tests.upstream.test_check_ufo_fontfamily_recommendations.TestUFOFontFamilyNamingTest.test_weight_value_range_between_250_and_900(): OK
bakery_lint.tests.upstream.test_font_filename_eq_familystyle.TestTTFSourceFontFileNameEqualsFamilyStyle.test_source_ttf_font_filename_equals_familystyle(): ERROR
bakery_lint.tests.upstream.test_check_ufo_requirements.UfoOpenTest.test_has_rupee(): ERROR
bakery_lint.tests.upstream.test_check_ufo_requirements.UfoOpenTest.test_is_A(): ERROR
bakery_lint.tests.upstream.test_check_ufo_requirements.UfoOpenTest.test_is_A_a_glyph_instance(): ERROR
bakery_lint.tests.upstream.test_check_ufo_requirements.UfoOpenTest.test_is_ended_ufo(): ERROR
bakery_lint.tests.upstream.test_check_ufo_requirements.UfoOpenTest.test_is_folder(): ERROR
bakery_lint.tests.upstream.test_check_ufo_requirements.UfoOpenTest.test_is_fsType_eq_1(): ERROR
bakery_lint.tests.upstream.test_check_ufo_requirements.UfoOpenTest.test_it_exists(): ERROR
$ fontbakery-check.py upstream AlmendraSC-BoldItalic-TTF.sfd
bakery_lint.tests.upstream.test_contour_count.TestContourCount.test_contour_count(): ERROR
bakery_lint.tests.upstream.test_unicode_value_should_appear_only_once_per_font.UnicodeValueShouldAppearOnlyOnce.testUnicodeValue(): ERROR
bakery_lint.tests.upstream.test_check_ufo_fontfamily_recommendations.TestUFOFontFamilyNamingTest.test_familyname_less_than_32_chars(): OK
bakery_lint.tests.upstream.test_check_ufo_fontfamily_recommendations.TestUFOFontFamilyNamingTest.test_fullfontname_less_than_64_chars(): OK
bakery_lint.tests.upstream.test_check_ufo_fontfamily_recommendations.TestUFOFontFamilyNamingTest.test_postscriptname_consistof_allowed_chars(): OK
bakery_lint.tests.upstream.test_check_ufo_fontfamily_recommendations.TestUFOFontFamilyNamingTest.test_postscriptname_less_than_30_chars(): OK
bakery_lint.tests.upstream.test_check_ufo_fontfamily_recommendations.TestUFOFontFamilyNamingTest.test_stylename_less_than_32_chars(): OK
bakery_lint.tests.upstream.test_check_ufo_fontfamily_recommendations.TestUFOFontFamilyNamingTest.test_weight_value_range_between_250_and_900(): OK
bakery_lint.tests.upstream.test_font_filename_eq_familystyle.TestTTFSourceFontFileNameEqualsFamilyStyle.test_source_ttf_font_filename_equals_familystyle(): ERROR
bakery_lint.tests.upstream.test_check_ufo_requirements.UfoOpenTest.test_has_rupee(): ERROR
bakery_lint.tests.upstream.test_check_ufo_requirements.UfoOpenTest.test_is_A(): ERROR
bakery_lint.tests.upstream.test_check_ufo_requirements.UfoOpenTest.test_is_A_a_glyph_instance(): ERROR
bakery_lint.tests.upstream.test_check_ufo_requirements.UfoOpenTest.test_is_ended_ufo(): ERROR
bakery_lint.tests.upstream.test_check_ufo_requirements.UfoOpenTest.test_is_folder(): ERROR
bakery_lint.tests.upstream.test_check_ufo_requirements.UfoOpenTest.test_is_fsType_eq_1(): ERROR
bakery_lint.tests.upstream.test_check_ufo_requirements.UfoOpenTest.test_it_exists(): ERROR
$ fontbakery-check.py upstream AlmendraSC-Regular-TTF.sfd
bakery_lint.tests.upstream.test_contour_count.TestContourCount.test_contour_count(): ERROR
bakery_lint.tests.upstream.test_unicode_value_should_appear_only_once_per_font.UnicodeValueShouldAppearOnlyOnce.testUnicodeValue(): ERROR
bakery_lint.tests.upstream.test_check_ufo_fontfamily_recommendations.TestUFOFontFamilyNamingTest.test_familyname_less_than_32_chars(): OK
bakery_lint.tests.upstream.test_check_ufo_fontfamily_recommendations.TestUFOFontFamilyNamingTest.test_fullfontname_less_than_64_chars(): OK
bakery_lint.tests.upstream.test_check_ufo_fontfamily_recommendations.TestUFOFontFamilyNamingTest.test_postscriptname_consistof_allowed_chars(): OK
bakery_lint.tests.upstream.test_check_ufo_fontfamily_recommendations.TestUFOFontFamilyNamingTest.test_postscriptname_less_than_30_chars(): OK
bakery_lint.tests.upstream.test_check_ufo_fontfamily_recommendations.TestUFOFontFamilyNamingTest.test_stylename_less_than_32_chars(): OK
bakery_lint.tests.upstream.test_check_ufo_fontfamily_recommendations.TestUFOFontFamilyNamingTest.test_weight_value_range_between_250_and_900(): OK
bakery_lint.tests.upstream.test_font_filename_eq_familystyle.TestTTFSourceFontFileNameEqualsFamilyStyle.test_source_ttf_font_filename_equals_familystyle(): ERROR
bakery_lint.tests.upstream.test_check_ufo_requirements.UfoOpenTest.test_has_rupee(): ERROR
bakery_lint.tests.upstream.test_check_ufo_requirements.UfoOpenTest.test_is_A(): ERROR
bakery_lint.tests.upstream.test_check_ufo_requirements.UfoOpenTest.test_is_A_a_glyph_instance(): ERROR
bakery_lint.tests.upstream.test_check_ufo_requirements.UfoOpenTest.test_is_ended_ufo(): ERROR
bakery_lint.tests.upstream.test_check_ufo_requirements.UfoOpenTest.test_is_folder(): ERROR
bakery_lint.tests.upstream.test_check_ufo_requirements.UfoOpenTest.test_is_fsType_eq_1(): ERROR
bakery_lint.tests.upstream.test_check_ufo_requirements.UfoOpenTest.test_it_exists(): ERROR
### (4 of 6) Convert sources to TTF
$ ttx -d /home/travis/build/fontdirectory/almendrasc/builds/build /home/travis/build/fontdirectory/almendrasc/builds/build/sources/AlmendraSC-Italic.ttx /home/travis/build/fontdirectory/almendrasc/builds/build/sources/AlmendraSC-Regular.ttx /home/travis/build/fontdirectory/almendrasc/builds/build/sources/AlmendraSC-Bold.ttx /home/travis/build/fontdirectory/almendrasc/builds/build/sources/AlmendraSC-BoldItalic.ttx
strippedname:/home/travis/build/fontdirectory/almendrasc/builds/build/sources/AlmendraSC-Bold-TTF.sfd
strippedname:/home/travis/build/fontdirectory/almendrasc/builds/build/sources/AlmendraSC-BoldItalic-TTF.sfd
strippedname:/home/travis/build/fontdirectory/almendrasc/builds/build/sources/AlmendraSC-Regular-TTF.sfd
Compiling "/home/travis/build/fontdirectory/almendrasc/builds/build/sources/AlmendraSC-Italic.ttx" to "/home/travis/build/fontdirectory/almendrasc/builds/build/AlmendraSC-Italic.ttf"...
Parsing 'GlyphOrder' table...
Parsing 'head' table...
Parsing 'hhea' table...
Parsing 'maxp' table...
Parsing 'OS/2' table...
Parsing 'hmtx' table...
Parsing 'cmap' table...
Parsing 'prep' table...
Parsing 'loca' table...
Parsing 'glyf' table...
Parsing 'name' table...
Parsing 'post' table...
Parsing 'gasp' table...
Parsing 'FFTM' table...
Parsing 'GDEF' table...
Parsing 'DSIG' table...
Compiling "/home/travis/build/fontdirectory/almendrasc/builds/build/sources/AlmendraSC-Regular.ttx" to "/home/travis/build/fontdirectory/almendrasc/builds/build/AlmendraSC-Regular.otf"...
Parsing 'GlyphOrder' table...
Parsing 'head' table...
Parsing 'hhea' table...
Parsing 'maxp' table...
Parsing 'OS/2' table...
Parsing 'name' table...
Parsing 'cmap' table...
Parsing 'post' table...
Parsing 'CFF ' table...
Parsing 'GPOS' table...
Parsing 'hmtx' table...
Parsing 'kern' table...
Compiling "/home/travis/build/fontdirectory/almendrasc/builds/build/sources/AlmendraSC-Bold.ttx" to "/home/travis/build/fontdirectory/almendrasc/builds/build/AlmendraSC-Bold.otf"...
Parsing 'GlyphOrder' table...
Parsing 'head' table...
Parsing 'hhea' table...
Parsing 'maxp' table...
Parsing 'OS/2' table...
Parsing 'name' table...
Parsing 'cmap' table...
Parsing 'post' table...
Parsing 'CFF ' table...
Parsing 'GPOS' table...
Parsing 'hmtx' table...
Parsing 'kern' table...
Compiling "/home/travis/build/fontdirectory/almendrasc/builds/build/sources/AlmendraSC-BoldItalic.ttx" to "/home/travis/build/fontdirectory/almendrasc/builds/build/AlmendraSC-BoldItalic.otf"...
Parsing 'GlyphOrder' table...
Parsing 'head' table...
Parsing 'hhea' table...
Parsing 'maxp' table...
Parsing 'OS/2' table...
Parsing 'name' table...
Parsing 'cmap' table...
Parsing 'post' table...
Parsing 'CFF ' table...
Parsing 'GPOS' table...
Parsing 'hmtx' table...
Parsing 'kern' table...
### Test AlmendraSC-Italic.ttf
$ fontbakery-check.py result AlmendraSC-Italic.ttf
bakery_lint.tests.downstream.test_check_font_agreements.CheckFsTypeIsNotSet.test_is_fstype_not_set(): OK
$ fontbakery-fix-fstype.py --autofix /home/travis/build/fontdirectory/almendrasc/builds/build/AlmendraSC-Italic.ttf
$ mv /home/travis/build/fontdirectory/almendrasc/builds/build/AlmendraSC-Italic.ttf.fix /home/travis/build/fontdirectory/almendrasc/builds/build/AlmendraSC-Italic.ttf
bakery_lint.tests.downstream.test_check_font_agreements.CheckFontAgreements.test_em_is_1000(): OK
bakery_lint.tests.downstream.test_check_font_agreements.CheckFontAgreements.test_font_is_font(): OK
bakery_lint.tests.downstream.test_check_font_agreements.CheckFontAgreements.test_latin_file_exists(): FAIL
bakery_lint.tests.downstream.test_check_font_agreements.CheckFontAgreements.test_menu_file_exists(): FAIL
bakery_lint.tests.downstream.test_check_unencoded_glyph.TestFontUnencodedGlyph.test_font_unencoded_glyphs(): FAIL
$ fontbakery-fix-glyph-private-encoding.py --autofix /home/travis/build/fontdirectory/almendrasc/builds/build/AlmendraSC-Italic.ttf
$ mv /home/travis/build/fontdirectory/almendrasc/builds/build/AlmendraSC-Italic.ttf.fix /home/travis/build/fontdirectory/almendrasc/builds/build/AlmendraSC-Italic.ttf
bakery_lint.tests.downstream.test_check_unencoded_glyph.TestFontUnencodedGlyph.test_font_unencoded_glyphs(): FAIL
bakery_lint.tests.downstream.test_check_name_table_recommendation.CheckStyleNameRecommendation.test_check_stylename_is_under_recommendations(): OK
bakery_lint.tests.downstream.test_check_name_table_recommendation.CheckOTFamilyNameRecommendation.test_check_opentype_familyname(): FAIL
$ fontbakery-fix-opentype-names.py /home/travis/build/fontdirectory/almendrasc/builds/build/AlmendraSC-Italic.ttf
$ mv /home/travis/build/fontdirectory/almendrasc/builds/build/AlmendraSC-Italic.ttf.fix /home/travis/build/fontdirectory/almendrasc/builds/build/AlmendraSC-Italic.ttf
bakery_lint.tests.downstream.test_check_name_table_recommendation.CheckOTFamilyNameRecommendation.test_check_opentype_familyname(): OK
bakery_lint.tests.downstream.test_check_name_table_recommendation.CheckOTStyleNameRecommendation.test_check_opentype_stylename(): FAIL
$ fontbakery-fix-opentype-names.py /home/travis/build/fontdirectory/almendrasc/builds/build/AlmendraSC-Italic.ttf
$ mv /home/travis/build/fontdirectory/almendrasc/builds/build/AlmendraSC-Italic.ttf.fix /home/travis/build/fontdirectory/almendrasc/builds/build/AlmendraSC-Italic.ttf
bakery_lint.tests.downstream.test_check_name_table_recommendation.CheckOTStyleNameRecommendation.test_check_opentype_stylename(): FAIL
bakery_lint.tests.downstream.test_check_name_table_recommendation.CheckOTFullNameRecommendation.test_check_opentype_fullname(): OK
bakery_lint.tests.downstream.test_check_upm_heights_less_120.TestCheckUPMHeightsLess120.test_check_upm_heigths_less_120(): FAIL
bakery_lint.tests.downstream.test_check_vertical_metrics.CheckVerticalLinegapMetrics.test_metrics_linegaps_are_zero(): FAIL
$ fontbakery-fix-vertical-metrics.py --autofix /home/travis/build/fontdirectory/almendrasc/builds/build/AlmendraSC-BoldItalic.otf /home/travis/build/fontdirectory/almendrasc/builds/build/AlmendraSC-Bold.otf /home/travis/build/fontdirectory/almendrasc/builds/build/AlmendraSC-Italic.ttf /home/travis/build/fontdirectory/almendrasc/builds/build/AlmendraSC-Regular.otf
$ mv /home/travis/build/fontdirectory/almendrasc/builds/build/AlmendraSC-BoldItalic.otf.fix /home/travis/build/fontdirectory/almendrasc/builds/build/AlmendraSC-BoldItalic.otf
$ mv /home/travis/build/fontdirectory/almendrasc/builds/build/AlmendraSC-Bold.otf.fix /home/travis/build/fontdirectory/almendrasc/builds/build/AlmendraSC-Bold.otf
$ mv /home/travis/build/fontdirectory/almendrasc/builds/build/AlmendraSC-Italic.ttf.fix /home/travis/build/fontdirectory/almendrasc/builds/build/AlmendraSC-Italic.ttf
$ mv /home/travis/build/fontdirectory/almendrasc/builds/build/AlmendraSC-Regular.otf.fix /home/travis/build/fontdirectory/almendrasc/builds/build/AlmendraSC-Regular.otf
$ fontbakery-fix-vertical-metrics.py /home/travis/build/fontdirectory/almendrasc/builds/build/AlmendraSC-BoldItalic.otf /home/travis/build/fontdirectory/almendrasc/builds/build/AlmendraSC-Bold.otf /home/travis/build/fontdirectory/almendrasc/builds/build/AlmendraSC-Italic.ttf /home/travis/build/fontdirectory/almendrasc/builds/build/AlmendraSC-Regular.otf
Parameter              AlmendraSC-BoldItalic.otf    AlmendraSC-Bold.otf    AlmendraSC-Italic.ttf    AlmendraSC-Regular.otf    
ymax                   908                          896                    885                      896                       
hhea.ascent            908                          908                    908                      908                       
OS/2.sTypoAscender     908                          908                    908                      908                       
OS/2.usWinAscent       908                          908                    908                      908                       
ymin                   -335                         -345                   -305                     -345                      
hhea.descent           -345                         -345                   -345                     -345                      
OS/2.sTypoDescender    -345                         -345                   -345                     -345                      
OS/2.usWinDescent      345                          345                    345                      345                       
hhea.lineGap           0                            0                      0                        0                         
OS/2.sTypoLineGap      0                            0                      0                        0                         
hhea total             1253                         1253                   1253                     1253                      
typo total             1253                         1253                   1253                     1253                      
win total              1253                         1253                   1253                     1253                      
UPM:Heights            1000:1243                    1000:1241              1000:1190                1000:1241                 
UPM:Heights %          124 %                        124 %                  119 %                    124 %                     


bakery_lint.tests.downstream.test_check_vertical_metrics.CheckVerticalLinegapMetrics.test_metrics_linegaps_are_zero(): OK
bakery_lint.tests.downstream.test_check_vertical_metrics.CheckVerticalAscentMetrics.test_metrics_ascents_equal_bbox(): OK
bakery_lint.tests.downstream.test_check_vertical_metrics.CheckVerticalDescentMetrics.test_metrics_descents_equal_bbox(): OK
bakery_lint.tests.downstream.test_check_magic_prep_code.CheckMagicPREPByteCode.test_prep_magic_code(): OK
bakery_lint.tests.downstream.test_check_glyf_table_length.CheckGlyfTableLength.test_check_glyf_table_length(): FAIL
bakery_lint.tests.downstream.test_check_nbsp_width_matches_sp_width.CheckNbspWidthMatchesSpWidth.test_check_nbsp_width_matches_sp_width(): FAIL
$ fontbakery-fix-nbsp.py /home/travis/build/fontdirectory/almendrasc/builds/build/AlmendraSC-Italic.ttf
$ mv /home/travis/build/fontdirectory/almendrasc/builds/build/AlmendraSC-Italic.ttf.fix /home/travis/build/fontdirectory/almendrasc/builds/build/AlmendraSC-Italic.ttf
bakery_lint.tests.downstream.test_check_nbsp_width_matches_sp_width.CheckNbspWidthMatchesSpWidth.test_check_nbsp_width_matches_sp_width(): FAIL
The following table(s) in the font have been ignored by FontForge
  Ignoring 'DSIG' digital signature table
bakery_lint.tests.downstream.test_fontforge_validation_state.FontForgeValidateStateTest.test_allowed_numbers_paths_in_composite_glyphs(): OK
bakery_lint.tests.downstream.test_fontforge_validation_state.FontForgeValidateStateTest.test_allowed_numbers_paths_in_glyphs(): OK
bakery_lint.tests.downstream.test_fontforge_validation_state.FontForgeValidateStateTest.test_allowed_numbers_points_in_composite_glyphs(): OK
bakery_lint.tests.downstream.test_fontforge_validation_state.FontForgeValidateStateTest.test_allowed_numbers_points_in_glyphs(): OK
bakery_lint.tests.downstream.test_fontforge_validation_state.FontForgeValidateStateTest.test_duplicate_glyphs(): OK
bakery_lint.tests.downstream.test_fontforge_validation_state.FontForgeValidateStateTest.test_duplicate_unicode_codepoints(): OK
bakery_lint.tests.downstream.test_fontforge_validation_state.FontForgeValidateStateTest.test_flipped_reference_in_glyphs(): OK
bakery_lint.tests.downstream.test_fontforge_validation_state.FontForgeValidateStateTest.test_missing_anchors(): OK
bakery_lint.tests.downstream.test_fontforge_validation_state.FontForgeValidateStateTest.test_missing_extrema_in_glyphs(): FAIL
bakery_lint.tests.downstream.test_fontforge_validation_state.FontForgeValidateStateTest.test_overlapped_hints(): OK
bakery_lint.tests.downstream.test_fontforge_validation_state.FontForgeValidateStateTest.test_points_are_integer_aligned(): OK
bakery_lint.tests.downstream.test_fontforge_validation_state.FontForgeValidateStateTest.test_points_are_not_too_far_apart(): OK
bakery_lint.tests.downstream.test_fontforge_validation_state.FontForgeValidateStateTest.test_postscript_hasnt_limit_hints_in_glyphs(): OK
bakery_lint.tests.downstream.test_fontforge_validation_state.FontForgeValidateStateTest.test_postscript_hasnt_limit_points_in_glyphs(): OK
bakery_lint.tests.downstream.test_fontforge_validation_state.FontForgeValidateStateTest.test_referenced_glyphs_are_present(): OK
bakery_lint.tests.downstream.test_fontforge_validation_state.FontForgeValidateStateTest.test_valid_glyph_names(): OK
bakery_lint.tests.downstream.test_fontforge_validation_state.FontForgeValidateStateTest.test_valid_length_instructions(): OK
bakery_lint.tests.downstream.test_fontforge_validation_state.FontForgeValidateStateTest.test_validation_glyph_intersect(): FAIL
bakery_lint.tests.downstream.test_fontforge_validation_state.FontForgeValidateStateTest.test_validation_open_contours(): OK
bakery_lint.tests.downstream.test_fontforge_validation_state.FontForgeValidateStateTest.test_wrong_direction_in_glyphs(): OK
bakery_lint.tests.downstream.test_gpos_table_has_kerning_info.CheckGposTableHasKerningInfo.test_gpos_table_has_kerning_info(): FAIL
bakery_lint.tests.downstream.test_check_font_tables.CheckFontHasDsigTable.test_check_font_has_dsig_table(): OK
bakery_lint.tests.downstream.test_check_font_tables.CheckFontHasNotKernTable.test_no_kern_table_exists(): OK
bakery_lint.tests.downstream.test_check_license_included.CheckLicenseIncluded.test_license_included_in_font_names(): OK
bakery_lint.tests.downstream.test_check_no_problematic_formats.CheckNoProblematicFormats.test_check_no_problematic_formats(): OK
bakery_lint.tests.downstream.test_check_full_font_name_begins_with_family_name.CheckFullFontNameBeginsWithFamilyName.test_check_full_font_name_begins_with_family_name(): OK
bakery_lint.tests.downstream.test_check_unused_glyph_data.CheckUnusedGlyphData.test_check_unused_glyph_data(): ERROR
bakery_lint.tests.downstream.test_check_panose_identification.CheckPanoseIdentification.test_check_panose_identification(): OK
bakery_lint.tests.downstream.test_check_names_same_across_platforms.CheckNamesSameAcrossPlatforms.test_check_names_same_across_platforms(): OK
bakery_lint.tests.downstream.test_check_glyph_existence.CheckGlyphExistence.test_euro(): OK
bakery_lint.tests.downstream.test_check_glyph_existence.CheckGlyphExistence.test_nbsp(): OK
bakery_lint.tests.downstream.test_check_glyph_existence.CheckGlyphExistence.test_space(): OK
bakery_lint.tests.downstream.test_gasp_table_value.CheckGaspTableType.test_check_gasp_table_type(): OK
$ fontbakery-fix-gasp.py --set=15 /home/travis/build/fontdirectory/almendrasc/builds/build/AlmendraSC-Italic.ttf
$ mv /home/travis/build/fontdirectory/almendrasc/builds/build/AlmendraSC-Italic.ttf.fix /home/travis/build/fontdirectory/almendrasc/builds/build/AlmendraSC-Italic.ttf
bakery_lint.tests.downstream.test_names_are_ascii_only.CheckNamesAreASCIIOnly.test_check_names_are_ascii_only(): OK
bakery_lint.tests.downstream.test_check_os2_width_class.CheckOS2WidthClass.test_check_os2_width_class(): OK
bakery_lint.tests.downstream.test_check_fontname_matches_macstyle.CheckFontNameEqualToMacStyleFlags.test_fontname_is_equal_to_macstyle(): FAIL
bakery_lint.tests.downstream.test_check_italic_angle_agreement.CheckItalicAngleAgreement.test_check_italic_angle_agreement(): OK
bakery_lint.tests.downstream.test_check_hmtx_hhea_max_advance_width_agreement.CheckHmtxHheaMaxAdvanceWidthAgreement.test_check_hmtx_hhea_max_advance_width_agreement(): OK
### Optimize TTF AlmendraSC-Italic.ttf
$ ls -l 'AlmendraSC-Italic.ttf'* # look at the size savings of that subset process
AlmendraSC-Italic.ttf.opt: 34924 bytes
AlmendraSC-Italic.ttf: 36668 bytes
$ mv /home/travis/build/fontdirectory/almendrasc/builds/build/AlmendraSC-Italic.ttf.opt /home/travis/build/fontdirectory/almendrasc/builds/build/AlmendraSC-Italic.ttf
### Autohint TTFs (ttfautohint) AlmendraSC-Italic.ttf
$ ttfautohint -l 7 -r 28 -G 50 -x 13 -w "G" /home/travis/build/fontdirectory/almendrasc/builds/build/AlmendraSC-Italic.ttf '/home/travis/build/fontdirectory/almendrasc/builds/build/AlmendraSC-Italic.autohint.ttf'

$ ls -l /home/travis/build/fontdirectory/almendrasc/builds/build/AlmendraSC-Italic.*ttf # look at the size savings of that subset process
/home/travis/build/fontdirectory/almendrasc/builds/build/AlmendraSC-Italic.ttf: 34924 bytes
/home/travis/build/fontdirectory/almendrasc/builds/build/AlmendraSC-Italic.autohint.ttf: 58668 bytes
$ mv /home/travis/build/fontdirectory/almendrasc/builds/build/AlmendraSC-Italic.autohint.ttf /home/travis/build/fontdirectory/almendrasc/builds/build/AlmendraSC-Italic.ttf
### Subset TTFs (pyftsubset) AlmendraSC-Italic.ttf
$ pyftsubset AlmendraSC-Italic.latin
$ pyftsubset AlmendraSC-Italic.menu
spaceWidth is    165
nbspWidth is     165
Nothing to do
strippedname:/home/travis/build/fontdirectory/almendrasc/builds/build/AlmendraSC-Italic.ttf
$ fontbakery-build-font2ttf.py sources/AlmendraSC-Regular.otf AlmendraSC-Regular.ttf
This font contains both a 'kern' table and a 'GPOS' table.
  The 'kern' table will only be read if there is no 'kern' feature in 'GPOS'.
Warning: Mac and Windows entries in the 'name' table differ for the
 Fullname string in the language English (US)
 Mac String: Almendra SC Bold
Windows String: AlmendraSC-Bold
Success: Generated OpenType-TTF (/home/travis/build/fontdirectory/almendrasc/builds/build/AlmendraSC-Regular.ttf)
strippedname:/home/travis/build/fontdirectory/almendrasc/builds/build/AlmendraSC-Regular.otf
### Test AlmendraSC-Regular.ttf
$ fontbakery-check.py result AlmendraSC-Regular.ttf
bakery_lint.tests.downstream.test_check_font_agreements.CheckFsTypeIsNotSet.test_is_fstype_not_set(): OK
$ fontbakery-fix-fstype.py --autofix /home/travis/build/fontdirectory/almendrasc/builds/build/AlmendraSC-Regular.ttf
$ mv /home/travis/build/fontdirectory/almendrasc/builds/build/AlmendraSC-Regular.ttf.fix /home/travis/build/fontdirectory/almendrasc/builds/build/AlmendraSC-Regular.ttf
bakery_lint.tests.downstream.test_check_font_agreements.CheckFontAgreements.test_em_is_1000(): OK
bakery_lint.tests.downstream.test_check_font_agreements.CheckFontAgreements.test_font_is_font(): OK
bakery_lint.tests.downstream.test_check_font_agreements.CheckFontAgreements.test_latin_file_exists(): FAIL
bakery_lint.tests.downstream.test_check_font_agreements.CheckFontAgreements.test_menu_file_exists(): FAIL
bakery_lint.tests.downstream.test_check_unencoded_glyph.TestFontUnencodedGlyph.test_font_unencoded_glyphs(): FAIL
$ fontbakery-fix-glyph-private-encoding.py --autofix /home/travis/build/fontdirectory/almendrasc/builds/build/AlmendraSC-Regular.ttf
$ mv /home/travis/build/fontdirectory/almendrasc/builds/build/AlmendraSC-Regular.ttf.fix /home/travis/build/fontdirectory/almendrasc/builds/build/AlmendraSC-Regular.ttf
bakery_lint.tests.downstream.test_check_unencoded_glyph.TestFontUnencodedGlyph.test_font_unencoded_glyphs(): FAIL
bakery_lint.tests.downstream.test_check_name_table_recommendation.CheckStyleNameRecommendation.test_check_stylename_is_under_recommendations(): OK
bakery_lint.tests.downstream.test_check_name_table_recommendation.CheckOTFamilyNameRecommendation.test_check_opentype_familyname(): OK
bakery_lint.tests.downstream.test_check_name_table_recommendation.CheckOTStyleNameRecommendation.test_check_opentype_stylename(): FAIL
$ fontbakery-fix-opentype-names.py /home/travis/build/fontdirectory/almendrasc/builds/build/AlmendraSC-Regular.ttf
$ mv /home/travis/build/fontdirectory/almendrasc/builds/build/AlmendraSC-Regular.ttf.fix /home/travis/build/fontdirectory/almendrasc/builds/build/AlmendraSC-Regular.ttf
bakery_lint.tests.downstream.test_check_name_table_recommendation.CheckOTStyleNameRecommendation.test_check_opentype_stylename(): OK
bakery_lint.tests.downstream.test_check_name_table_recommendation.CheckOTFullNameRecommendation.test_check_opentype_fullname(): OK
bakery_lint.tests.downstream.test_check_upm_heights_less_120.TestCheckUPMHeightsLess120.test_check_upm_heigths_less_120(): FAIL
bakery_lint.tests.downstream.test_check_vertical_metrics.CheckVerticalLinegapMetrics.test_metrics_linegaps_are_zero(): OK
bakery_lint.tests.downstream.test_check_vertical_metrics.CheckVerticalAscentMetrics.test_metrics_ascents_equal_bbox(): OK
bakery_lint.tests.downstream.test_check_vertical_metrics.CheckVerticalDescentMetrics.test_metrics_descents_equal_bbox(): OK
bakery_lint.tests.downstream.test_check_magic_prep_code.CheckMagicPREPByteCode.test_prep_magic_code(): FAIL
bakery_lint.tests.downstream.test_check_glyf_table_length.CheckGlyfTableLength.test_check_glyf_table_length(): FAIL
bakery_lint.tests.downstream.test_check_nbsp_width_matches_sp_width.CheckNbspWidthMatchesSpWidth.test_check_nbsp_width_matches_sp_width(): FAIL
$ fontbakery-fix-nbsp.py /home/travis/build/fontdirectory/almendrasc/builds/build/AlmendraSC-Regular.ttf
$ mv /home/travis/build/fontdirectory/almendrasc/builds/build/AlmendraSC-Regular.ttf.fix /home/travis/build/fontdirectory/almendrasc/builds/build/AlmendraSC-Regular.ttf
bakery_lint.tests.downstream.test_check_nbsp_width_matches_sp_width.CheckNbspWidthMatchesSpWidth.test_check_nbsp_width_matches_sp_width(): FAIL
The following table(s) in the font have been ignored by FontForge
  Ignoring 'DSIG' digital signature table
Warning: Mac and Windows entries in the 'name' table differ for the
 Preferred Styles string in the language English (US)
 Mac String: Bold
Windows String: Regular
bakery_lint.tests.downstream.test_fontforge_validation_state.FontForgeValidateStateTest.test_allowed_numbers_paths_in_composite_glyphs(): OK
bakery_lint.tests.downstream.test_fontforge_validation_state.FontForgeValidateStateTest.test_allowed_numbers_paths_in_glyphs(): OK
bakery_lint.tests.downstream.test_fontforge_validation_state.FontForgeValidateStateTest.test_allowed_numbers_points_in_composite_glyphs(): OK
bakery_lint.tests.downstream.test_fontforge_validation_state.FontForgeValidateStateTest.test_allowed_numbers_points_in_glyphs(): OK
bakery_lint.tests.downstream.test_fontforge_validation_state.FontForgeValidateStateTest.test_duplicate_glyphs(): OK
bakery_lint.tests.downstream.test_fontforge_validation_state.FontForgeValidateStateTest.test_duplicate_unicode_codepoints(): OK
bakery_lint.tests.downstream.test_fontforge_validation_state.FontForgeValidateStateTest.test_flipped_reference_in_glyphs(): OK
bakery_lint.tests.downstream.test_fontforge_validation_state.FontForgeValidateStateTest.test_missing_anchors(): OK
bakery_lint.tests.downstream.test_fontforge_validation_state.FontForgeValidateStateTest.test_missing_extrema_in_glyphs(): FAIL
bakery_lint.tests.downstream.test_fontforge_validation_state.FontForgeValidateStateTest.test_overlapped_hints(): OK
bakery_lint.tests.downstream.test_fontforge_validation_state.FontForgeValidateStateTest.test_points_are_integer_aligned(): OK
bakery_lint.tests.downstream.test_fontforge_validation_state.FontForgeValidateStateTest.test_points_are_not_too_far_apart(): OK
bakery_lint.tests.downstream.test_fontforge_validation_state.FontForgeValidateStateTest.test_postscript_hasnt_limit_hints_in_glyphs(): OK
bakery_lint.tests.downstream.test_fontforge_validation_state.FontForgeValidateStateTest.test_postscript_hasnt_limit_points_in_glyphs(): OK
bakery_lint.tests.downstream.test_fontforge_validation_state.FontForgeValidateStateTest.test_referenced_glyphs_are_present(): OK
bakery_lint.tests.downstream.test_fontforge_validation_state.FontForgeValidateStateTest.test_valid_glyph_names(): OK
bakery_lint.tests.downstream.test_fontforge_validation_state.FontForgeValidateStateTest.test_valid_length_instructions(): OK
bakery_lint.tests.downstream.test_fontforge_validation_state.FontForgeValidateStateTest.test_validation_glyph_intersect(): OK
bakery_lint.tests.downstream.test_fontforge_validation_state.FontForgeValidateStateTest.test_validation_open_contours(): OK
bakery_lint.tests.downstream.test_fontforge_validation_state.FontForgeValidateStateTest.test_wrong_direction_in_glyphs(): OK
bakery_lint.tests.downstream.test_gpos_table_has_kerning_info.CheckGposTableHasKerningInfo.test_gpos_table_has_kerning_info(): OK
bakery_lint.tests.downstream.test_check_font_tables.CheckFontHasDsigTable.test_check_font_has_dsig_table(): OK
bakery_lint.tests.downstream.test_check_font_tables.CheckFontHasNotKernTable.test_no_kern_table_exists(): OK
bakery_lint.tests.downstream.test_check_license_included.CheckLicenseIncluded.test_license_included_in_font_names(): OK
bakery_lint.tests.downstream.test_check_no_problematic_formats.CheckNoProblematicFormats.test_check_no_problematic_formats(): OK
bakery_lint.tests.downstream.test_check_full_font_name_begins_with_family_name.CheckFullFontNameBeginsWithFamilyName.test_check_full_font_name_begins_with_family_name(): FAIL
bakery_lint.tests.downstream.test_check_unused_glyph_data.CheckUnusedGlyphData.test_check_unused_glyph_data(): ERROR
bakery_lint.tests.downstream.test_check_panose_identification.CheckPanoseIdentification.test_check_panose_identification(): OK
bakery_lint.tests.downstream.test_check_names_same_across_platforms.CheckNamesSameAcrossPlatforms.test_check_names_same_across_platforms(): FAIL
bakery_lint.tests.downstream.test_check_glyph_existence.CheckGlyphExistence.test_euro(): OK
bakery_lint.tests.downstream.test_check_glyph_existence.CheckGlyphExistence.test_nbsp(): OK
bakery_lint.tests.downstream.test_check_glyph_existence.CheckGlyphExistence.test_space(): OK
bakery_lint.tests.downstream.test_gasp_table_value.CheckGaspTableType.test_check_gasp_table_type(): FAIL
$ fontbakery-fix-gasp.py --set=15 /home/travis/build/fontdirectory/almendrasc/builds/build/AlmendraSC-Regular.ttf
$ mv /home/travis/build/fontdirectory/almendrasc/builds/build/AlmendraSC-Regular.ttf.fix /home/travis/build/fontdirectory/almendrasc/builds/build/AlmendraSC-Regular.ttf
bakery_lint.tests.downstream.test_gasp_table_value.CheckGaspTableType.test_check_gasp_table_type(): OK
$ fontbakery-fix-gasp.py --set=15 /home/travis/build/fontdirectory/almendrasc/builds/build/AlmendraSC-Regular.ttf
$ mv /home/travis/build/fontdirectory/almendrasc/builds/build/AlmendraSC-Regular.ttf.fix /home/travis/build/fontdirectory/almendrasc/builds/build/AlmendraSC-Regular.ttf
bakery_lint.tests.downstream.test_names_are_ascii_only.CheckNamesAreASCIIOnly.test_check_names_are_ascii_only(): OK
bakery_lint.tests.downstream.test_check_os2_width_class.CheckOS2WidthClass.test_check_os2_width_class(): OK
bakery_lint.tests.downstream.test_check_fontname_matches_macstyle.CheckFontNameEqualToMacStyleFlags.test_fontname_is_equal_to_macstyle(): OK
bakery_lint.tests.downstream.test_check_italic_angle_agreement.CheckItalicAngleAgreement.test_check_italic_angle_agreement(): OK
bakery_lint.tests.downstream.test_check_hmtx_hhea_max_advance_width_agreement.CheckHmtxHheaMaxAdvanceWidthAgreement.test_check_hmtx_hhea_max_advance_width_agreement(): OK
### Optimize TTF AlmendraSC-Regular.ttf
$ ls -l 'AlmendraSC-Regular.ttf'* # look at the size savings of that subset process
AlmendraSC-Regular.ttf.opt: 37392 bytes
AlmendraSC-Regular.ttf: 39448 bytes
$ mv /home/travis/build/fontdirectory/almendrasc/builds/build/AlmendraSC-Regular.ttf.opt /home/travis/build/fontdirectory/almendrasc/builds/build/AlmendraSC-Regular.ttf
### Autohint TTFs (ttfautohint) AlmendraSC-Regular.ttf
$ ttfautohint -l 7 -r 28 -G 50 -x 13 -w "G" /home/travis/build/fontdirectory/almendrasc/builds/build/AlmendraSC-Regular.ttf '/home/travis/build/fontdirectory/almendrasc/builds/build/AlmendraSC-Regular.autohint.ttf'

$ ls -l /home/travis/build/fontdirectory/almendrasc/builds/build/AlmendraSC-Regular.*ttf # look at the size savings of that subset process
/home/travis/build/fontdirectory/almendrasc/builds/build/AlmendraSC-Regular.ttf: 37392 bytes
/home/travis/build/fontdirectory/almendrasc/builds/build/AlmendraSC-Regular.autohint.ttf: 63380 bytes
$ mv /home/travis/build/fontdirectory/almendrasc/builds/build/AlmendraSC-Regular.autohint.ttf /home/travis/build/fontdirectory/almendrasc/builds/build/AlmendraSC-Regular.ttf
### Subset TTFs (pyftsubset) AlmendraSC-Regular.ttf
$ pyftsubset AlmendraSC-Regular.latin
$ pyftsubset AlmendraSC-Regular.menu
spaceWidth is    180
nbspWidth is     180
Nothing to do
strippedname:/home/travis/build/fontdirectory/almendrasc/builds/build/AlmendraSC-Regular.ttf
$ fontbakery-build-font2ttf.py sources/AlmendraSC-Bold.otf AlmendraSC-Bold.ttf
This font contains both a 'kern' table and a 'GPOS' table.
  The 'kern' table will only be read if there is no 'kern' feature in 'GPOS'.
Success: Generated OpenType-TTF (/home/travis/build/fontdirectory/almendrasc/builds/build/AlmendraSC-Bold.ttf)
strippedname:/home/travis/build/fontdirectory/almendrasc/builds/build/AlmendraSC-Bold.otf
### Test AlmendraSC-Bold.ttf
$ fontbakery-check.py result AlmendraSC-Bold.ttf
bakery_lint.tests.downstream.test_check_font_agreements.CheckFsTypeIsNotSet.test_is_fstype_not_set(): OK
$ fontbakery-fix-fstype.py --autofix /home/travis/build/fontdirectory/almendrasc/builds/build/AlmendraSC-Bold.ttf
$ mv /home/travis/build/fontdirectory/almendrasc/builds/build/AlmendraSC-Bold.ttf.fix /home/travis/build/fontdirectory/almendrasc/builds/build/AlmendraSC-Bold.ttf
bakery_lint.tests.downstream.test_check_font_agreements.CheckFontAgreements.test_em_is_1000(): OK
bakery_lint.tests.downstream.test_check_font_agreements.CheckFontAgreements.test_font_is_font(): OK
bakery_lint.tests.downstream.test_check_font_agreements.CheckFontAgreements.test_latin_file_exists(): FAIL
bakery_lint.tests.downstream.test_check_font_agreements.CheckFontAgreements.test_menu_file_exists(): FAIL
bakery_lint.tests.downstream.test_check_unencoded_glyph.TestFontUnencodedGlyph.test_font_unencoded_glyphs(): FAIL
$ fontbakery-fix-glyph-private-encoding.py --autofix /home/travis/build/fontdirectory/almendrasc/builds/build/AlmendraSC-Bold.ttf
$ mv /home/travis/build/fontdirectory/almendrasc/builds/build/AlmendraSC-Bold.ttf.fix /home/travis/build/fontdirectory/almendrasc/builds/build/AlmendraSC-Bold.ttf
bakery_lint.tests.downstream.test_check_unencoded_glyph.TestFontUnencodedGlyph.test_font_unencoded_glyphs(): FAIL
bakery_lint.tests.downstream.test_check_name_table_recommendation.CheckStyleNameRecommendation.test_check_stylename_is_under_recommendations(): OK
bakery_lint.tests.downstream.test_check_name_table_recommendation.CheckOTFamilyNameRecommendation.test_check_opentype_familyname(): FAIL
$ fontbakery-fix-opentype-names.py /home/travis/build/fontdirectory/almendrasc/builds/build/AlmendraSC-Bold.ttf
$ mv /home/travis/build/fontdirectory/almendrasc/builds/build/AlmendraSC-Bold.ttf.fix /home/travis/build/fontdirectory/almendrasc/builds/build/AlmendraSC-Bold.ttf
bakery_lint.tests.downstream.test_check_name_table_recommendation.CheckOTFamilyNameRecommendation.test_check_opentype_familyname(): OK
bakery_lint.tests.downstream.test_check_name_table_recommendation.CheckOTStyleNameRecommendation.test_check_opentype_stylename(): OK
bakery_lint.tests.downstream.test_check_name_table_recommendation.CheckOTFullNameRecommendation.test_check_opentype_fullname(): OK
bakery_lint.tests.downstream.test_check_upm_heights_less_120.TestCheckUPMHeightsLess120.test_check_upm_heigths_less_120(): FAIL
bakery_lint.tests.downstream.test_check_vertical_metrics.CheckVerticalLinegapMetrics.test_metrics_linegaps_are_zero(): OK
bakery_lint.tests.downstream.test_check_vertical_metrics.CheckVerticalAscentMetrics.test_metrics_ascents_equal_bbox(): OK
bakery_lint.tests.downstream.test_check_vertical_metrics.CheckVerticalDescentMetrics.test_metrics_descents_equal_bbox(): OK
bakery_lint.tests.downstream.test_check_magic_prep_code.CheckMagicPREPByteCode.test_prep_magic_code(): FAIL
bakery_lint.tests.downstream.test_check_glyf_table_length.CheckGlyfTableLength.test_check_glyf_table_length(): FAIL
bakery_lint.tests.downstream.test_check_nbsp_width_matches_sp_width.CheckNbspWidthMatchesSpWidth.test_check_nbsp_width_matches_sp_width(): FAIL
$ fontbakery-fix-nbsp.py /home/travis/build/fontdirectory/almendrasc/builds/build/AlmendraSC-Bold.ttf
$ mv /home/travis/build/fontdirectory/almendrasc/builds/build/AlmendraSC-Bold.ttf.fix /home/travis/build/fontdirectory/almendrasc/builds/build/AlmendraSC-Bold.ttf
bakery_lint.tests.downstream.test_check_nbsp_width_matches_sp_width.CheckNbspWidthMatchesSpWidth.test_check_nbsp_width_matches_sp_width(): FAIL
The following table(s) in the font have been ignored by FontForge
  Ignoring 'DSIG' digital signature table
bakery_lint.tests.downstream.test_fontforge_validation_state.FontForgeValidateStateTest.test_allowed_numbers_paths_in_composite_glyphs(): OK
bakery_lint.tests.downstream.test_fontforge_validation_state.FontForgeValidateStateTest.test_allowed_numbers_paths_in_glyphs(): OK
bakery_lint.tests.downstream.test_fontforge_validation_state.FontForgeValidateStateTest.test_allowed_numbers_points_in_composite_glyphs(): OK
bakery_lint.tests.downstream.test_fontforge_validation_state.FontForgeValidateStateTest.test_allowed_numbers_points_in_glyphs(): OK
bakery_lint.tests.downstream.test_fontforge_validation_state.FontForgeValidateStateTest.test_duplicate_glyphs(): OK
bakery_lint.tests.downstream.test_fontforge_validation_state.FontForgeValidateStateTest.test_duplicate_unicode_codepoints(): OK
bakery_lint.tests.downstream.test_fontforge_validation_state.FontForgeValidateStateTest.test_flipped_reference_in_glyphs(): OK
bakery_lint.tests.downstream.test_fontforge_validation_state.FontForgeValidateStateTest.test_missing_anchors(): OK
bakery_lint.tests.downstream.test_fontforge_validation_state.FontForgeValidateStateTest.test_missing_extrema_in_glyphs(): FAIL
bakery_lint.tests.downstream.test_fontforge_validation_state.FontForgeValidateStateTest.test_overlapped_hints(): OK
bakery_lint.tests.downstream.test_fontforge_validation_state.FontForgeValidateStateTest.test_points_are_integer_aligned(): OK
bakery_lint.tests.downstream.test_fontforge_validation_state.FontForgeValidateStateTest.test_points_are_not_too_far_apart(): OK
bakery_lint.tests.downstream.test_fontforge_validation_state.FontForgeValidateStateTest.test_postscript_hasnt_limit_hints_in_glyphs(): OK
bakery_lint.tests.downstream.test_fontforge_validation_state.FontForgeValidateStateTest.test_postscript_hasnt_limit_points_in_glyphs(): OK
bakery_lint.tests.downstream.test_fontforge_validation_state.FontForgeValidateStateTest.test_referenced_glyphs_are_present(): OK
bakery_lint.tests.downstream.test_fontforge_validation_state.FontForgeValidateStateTest.test_valid_glyph_names(): OK
bakery_lint.tests.downstream.test_fontforge_validation_state.FontForgeValidateStateTest.test_valid_length_instructions(): OK
bakery_lint.tests.downstream.test_fontforge_validation_state.FontForgeValidateStateTest.test_validation_glyph_intersect(): OK
bakery_lint.tests.downstream.test_fontforge_validation_state.FontForgeValidateStateTest.test_validation_open_contours(): OK
bakery_lint.tests.downstream.test_fontforge_validation_state.FontForgeValidateStateTest.test_wrong_direction_in_glyphs(): OK
bakery_lint.tests.downstream.test_gpos_table_has_kerning_info.CheckGposTableHasKerningInfo.test_gpos_table_has_kerning_info(): OK
bakery_lint.tests.downstream.test_check_font_tables.CheckFontHasDsigTable.test_check_font_has_dsig_table(): OK
bakery_lint.tests.downstream.test_check_font_tables.CheckFontHasNotKernTable.test_no_kern_table_exists(): OK
bakery_lint.tests.downstream.test_check_license_included.CheckLicenseIncluded.test_license_included_in_font_names(): OK
bakery_lint.tests.downstream.test_check_no_problematic_formats.CheckNoProblematicFormats.test_check_no_problematic_formats(): OK
bakery_lint.tests.downstream.test_check_full_font_name_begins_with_family_name.CheckFullFontNameBeginsWithFamilyName.test_check_full_font_name_begins_with_family_name(): OK
bakery_lint.tests.downstream.test_check_unused_glyph_data.CheckUnusedGlyphData.test_check_unused_glyph_data(): ERROR
bakery_lint.tests.downstream.test_check_panose_identification.CheckPanoseIdentification.test_check_panose_identification(): OK
bakery_lint.tests.downstream.test_check_names_same_across_platforms.CheckNamesSameAcrossPlatforms.test_check_names_same_across_platforms(): OK
bakery_lint.tests.downstream.test_check_glyph_existence.CheckGlyphExistence.test_euro(): OK
bakery_lint.tests.downstream.test_check_glyph_existence.CheckGlyphExistence.test_nbsp(): OK
bakery_lint.tests.downstream.test_check_glyph_existence.CheckGlyphExistence.test_space(): OK
bakery_lint.tests.downstream.test_gasp_table_value.CheckGaspTableType.test_check_gasp_table_type(): FAIL
$ fontbakery-fix-gasp.py --set=15 /home/travis/build/fontdirectory/almendrasc/builds/build/AlmendraSC-Bold.ttf
$ mv /home/travis/build/fontdirectory/almendrasc/builds/build/AlmendraSC-Bold.ttf.fix /home/travis/build/fontdirectory/almendrasc/builds/build/AlmendraSC-Bold.ttf
bakery_lint.tests.downstream.test_gasp_table_value.CheckGaspTableType.test_check_gasp_table_type(): OK
$ fontbakery-fix-gasp.py --set=15 /home/travis/build/fontdirectory/almendrasc/builds/build/AlmendraSC-Bold.ttf
$ mv /home/travis/build/fontdirectory/almendrasc/builds/build/AlmendraSC-Bold.ttf.fix /home/travis/build/fontdirectory/almendrasc/builds/build/AlmendraSC-Bold.ttf
bakery_lint.tests.downstream.test_names_are_ascii_only.CheckNamesAreASCIIOnly.test_check_names_are_ascii_only(): OK
bakery_lint.tests.downstream.test_check_os2_width_class.CheckOS2WidthClass.test_check_os2_width_class(): OK
bakery_lint.tests.downstream.test_check_fontname_matches_macstyle.CheckFontNameEqualToMacStyleFlags.test_fontname_is_equal_to_macstyle(): FAIL
bakery_lint.tests.downstream.test_check_italic_angle_agreement.CheckItalicAngleAgreement.test_check_italic_angle_agreement(): OK
bakery_lint.tests.downstream.test_check_hmtx_hhea_max_advance_width_agreement.CheckHmtxHheaMaxAdvanceWidthAgreement.test_check_hmtx_hhea_max_advance_width_agreement(): OK
### Optimize TTF AlmendraSC-Bold.ttf
$ ls -l 'AlmendraSC-Bold.ttf'* # look at the size savings of that subset process
AlmendraSC-Bold.ttf.opt: 37308 bytes
AlmendraSC-Bold.ttf: 39324 bytes
$ mv /home/travis/build/fontdirectory/almendrasc/builds/build/AlmendraSC-Bold.ttf.opt /home/travis/build/fontdirectory/almendrasc/builds/build/AlmendraSC-Bold.ttf
### Autohint TTFs (ttfautohint) AlmendraSC-Bold.ttf
$ ttfautohint -l 7 -r 28 -G 50 -x 13 -w "G" /home/travis/build/fontdirectory/almendrasc/builds/build/AlmendraSC-Bold.ttf '/home/travis/build/fontdirectory/almendrasc/builds/build/AlmendraSC-Bold.autohint.ttf'

$ ls -l /home/travis/build/fontdirectory/almendrasc/builds/build/AlmendraSC-Bold.*ttf # look at the size savings of that subset process
/home/travis/build/fontdirectory/almendrasc/builds/build/AlmendraSC-Bold.ttf: 37308 bytes
/home/travis/build/fontdirectory/almendrasc/builds/build/AlmendraSC-Bold.autohint.ttf: 63228 bytes
$ mv /home/travis/build/fontdirectory/almendrasc/builds/build/AlmendraSC-Bold.autohint.ttf /home/travis/build/fontdirectory/almendrasc/builds/build/AlmendraSC-Bold.ttf
### Subset TTFs (pyftsubset) AlmendraSC-Bold.ttf
$ pyftsubset AlmendraSC-Bold.latin
$ pyftsubset AlmendraSC-Bold.menu
spaceWidth is    180
nbspWidth is     180
Nothing to do
strippedname:/home/travis/build/fontdirectory/almendrasc/builds/build/AlmendraSC-Bold.ttf
$ fontbakery-build-font2ttf.py sources/AlmendraSC-BoldItalic.otf AlmendraSC-BoldItalic.ttf
This font contains both a 'kern' table and a 'GPOS' table.
  The 'kern' table will only be read if there is no 'kern' feature in 'GPOS'.
Success: Generated OpenType-TTF (/home/travis/build/fontdirectory/almendrasc/builds/build/AlmendraSC-BoldItalic.ttf)
strippedname:/home/travis/build/fontdirectory/almendrasc/builds/build/AlmendraSC-BoldItalic.otf
### Test AlmendraSC-BoldItalic.ttf
$ fontbakery-check.py result AlmendraSC-BoldItalic.ttf
bakery_lint.tests.downstream.test_check_font_agreements.CheckFsTypeIsNotSet.test_is_fstype_not_set(): OK
$ fontbakery-fix-fstype.py --autofix /home/travis/build/fontdirectory/almendrasc/builds/build/AlmendraSC-BoldItalic.ttf
$ mv /home/travis/build/fontdirectory/almendrasc/builds/build/AlmendraSC-BoldItalic.ttf.fix /home/travis/build/fontdirectory/almendrasc/builds/build/AlmendraSC-BoldItalic.ttf
bakery_lint.tests.downstream.test_check_font_agreements.CheckFontAgreements.test_em_is_1000(): OK
bakery_lint.tests.downstream.test_check_font_agreements.CheckFontAgreements.test_font_is_font(): OK
bakery_lint.tests.downstream.test_check_font_agreements.CheckFontAgreements.test_latin_file_exists(): FAIL
bakery_lint.tests.downstream.test_check_font_agreements.CheckFontAgreements.test_menu_file_exists(): FAIL
bakery_lint.tests.downstream.test_check_unencoded_glyph.TestFontUnencodedGlyph.test_font_unencoded_glyphs(): FAIL
$ fontbakery-fix-glyph-private-encoding.py --autofix /home/travis/build/fontdirectory/almendrasc/builds/build/AlmendraSC-BoldItalic.ttf
$ mv /home/travis/build/fontdirectory/almendrasc/builds/build/AlmendraSC-BoldItalic.ttf.fix /home/travis/build/fontdirectory/almendrasc/builds/build/AlmendraSC-BoldItalic.ttf
bakery_lint.tests.downstream.test_check_unencoded_glyph.TestFontUnencodedGlyph.test_font_unencoded_glyphs(): FAIL
bakery_lint.tests.downstream.test_check_name_table_recommendation.CheckStyleNameRecommendation.test_check_stylename_is_under_recommendations(): OK
bakery_lint.tests.downstream.test_check_name_table_recommendation.CheckOTFamilyNameRecommendation.test_check_opentype_familyname(): FAIL
$ fontbakery-fix-opentype-names.py /home/travis/build/fontdirectory/almendrasc/builds/build/AlmendraSC-BoldItalic.ttf
$ mv /home/travis/build/fontdirectory/almendrasc/builds/build/AlmendraSC-BoldItalic.ttf.fix /home/travis/build/fontdirectory/almendrasc/builds/build/AlmendraSC-BoldItalic.ttf
bakery_lint.tests.downstream.test_check_name_table_recommendation.CheckOTFamilyNameRecommendation.test_check_opentype_familyname(): OK
bakery_lint.tests.downstream.test_check_name_table_recommendation.CheckOTStyleNameRecommendation.test_check_opentype_stylename(): OK
bakery_lint.tests.downstream.test_check_name_table_recommendation.CheckOTFullNameRecommendation.test_check_opentype_fullname(): OK
bakery_lint.tests.downstream.test_check_upm_heights_less_120.TestCheckUPMHeightsLess120.test_check_upm_heigths_less_120(): FAIL
bakery_lint.tests.downstream.test_check_vertical_metrics.CheckVerticalLinegapMetrics.test_metrics_linegaps_are_zero(): OK
bakery_lint.tests.downstream.test_check_vertical_metrics.CheckVerticalAscentMetrics.test_metrics_ascents_equal_bbox(): FAIL
$ fontbakery-fix-vertical-metrics.py --autofix /home/travis/build/fontdirectory/almendrasc/builds/build/AlmendraSC-BoldItalic.ttf /home/travis/build/fontdirectory/almendrasc/builds/build/AlmendraSC-Regular.ttf /home/travis/build/fontdirectory/almendrasc/builds/build/AlmendraSC-Bold.ttf /home/travis/build/fontdirectory/almendrasc/builds/build/AlmendraSC-Italic.ttf
$ mv /home/travis/build/fontdirectory/almendrasc/builds/build/AlmendraSC-BoldItalic.ttf.fix /home/travis/build/fontdirectory/almendrasc/builds/build/AlmendraSC-BoldItalic.ttf
$ mv /home/travis/build/fontdirectory/almendrasc/builds/build/AlmendraSC-Regular.ttf.fix /home/travis/build/fontdirectory/almendrasc/builds/build/AlmendraSC-Regular.ttf
$ mv /home/travis/build/fontdirectory/almendrasc/builds/build/AlmendraSC-Bold.ttf.fix /home/travis/build/fontdirectory/almendrasc/builds/build/AlmendraSC-Bold.ttf
$ mv /home/travis/build/fontdirectory/almendrasc/builds/build/AlmendraSC-Italic.ttf.fix /home/travis/build/fontdirectory/almendrasc/builds/build/AlmendraSC-Italic.ttf
$ fontbakery-fix-vertical-metrics.py /home/travis/build/fontdirectory/almendrasc/builds/build/AlmendraSC-BoldItalic.ttf /home/travis/build/fontdirectory/almendrasc/builds/build/AlmendraSC-Regular.ttf /home/travis/build/fontdirectory/almendrasc/builds/build/AlmendraSC-Bold.ttf /home/travis/build/fontdirectory/almendrasc/builds/build/AlmendraSC-Italic.ttf
Parameter              AlmendraSC-BoldItalic.ttf    AlmendraSC-Regular.ttf    AlmendraSC-Bold.ttf    AlmendraSC-Italic.ttf    
ymax                   907                          896                       896                    885                      
hhea.ascent            907                          907                       907                    907                      
OS/2.sTypoAscender     907                          907                       907                    907                      
OS/2.usWinAscent       907                          907                       907                    907                      
ymin                   -335                         -345                      -345                   -305                     
hhea.descent           -345                         -345                      -345                   -345                     
OS/2.sTypoDescender    -345                         -345                      -345                   -345                     
OS/2.usWinDescent      345                          345                       345                    345                      
hhea.lineGap           0                            0                         0                      0                        
OS/2.sTypoLineGap      0                            0                         0                      0                        
hhea total             1252                         1252                      1252                   1252                     
typo total             1252                         1252                      1252                   1252                     
win total              1252                         1252                      1252                   1252                     
UPM:Heights            1000:1242                    1000:1241                 1000:1241              1000:1190                
UPM:Heights %          124 %                        124 %                     124 %                  119 %                    


bakery_lint.tests.downstream.test_check_vertical_metrics.CheckVerticalAscentMetrics.test_metrics_ascents_equal_bbox(): OK
bakery_lint.tests.downstream.test_check_vertical_metrics.CheckVerticalDescentMetrics.test_metrics_descents_equal_bbox(): OK
bakery_lint.tests.downstream.test_check_magic_prep_code.CheckMagicPREPByteCode.test_prep_magic_code(): FAIL
bakery_lint.tests.downstream.test_check_glyf_table_length.CheckGlyfTableLength.test_check_glyf_table_length(): FAIL
bakery_lint.tests.downstream.test_check_nbsp_width_matches_sp_width.CheckNbspWidthMatchesSpWidth.test_check_nbsp_width_matches_sp_width(): FAIL
$ fontbakery-fix-nbsp.py /home/travis/build/fontdirectory/almendrasc/builds/build/AlmendraSC-BoldItalic.ttf
$ mv /home/travis/build/fontdirectory/almendrasc/builds/build/AlmendraSC-BoldItalic.ttf.fix /home/travis/build/fontdirectory/almendrasc/builds/build/AlmendraSC-BoldItalic.ttf
bakery_lint.tests.downstream.test_check_nbsp_width_matches_sp_width.CheckNbspWidthMatchesSpWidth.test_check_nbsp_width_matches_sp_width(): FAIL
The following table(s) in the font have been ignored by FontForge
  Ignoring 'DSIG' digital signature table
bakery_lint.tests.downstream.test_fontforge_validation_state.FontForgeValidateStateTest.test_allowed_numbers_paths_in_composite_glyphs(): OK
bakery_lint.tests.downstream.test_fontforge_validation_state.FontForgeValidateStateTest.test_allowed_numbers_paths_in_glyphs(): OK
bakery_lint.tests.downstream.test_fontforge_validation_state.FontForgeValidateStateTest.test_allowed_numbers_points_in_composite_glyphs(): OK
bakery_lint.tests.downstream.test_fontforge_validation_state.FontForgeValidateStateTest.test_allowed_numbers_points_in_glyphs(): OK
bakery_lint.tests.downstream.test_fontforge_validation_state.FontForgeValidateStateTest.test_duplicate_glyphs(): OK
bakery_lint.tests.downstream.test_fontforge_validation_state.FontForgeValidateStateTest.test_duplicate_unicode_codepoints(): OK
bakery_lint.tests.downstream.test_fontforge_validation_state.FontForgeValidateStateTest.test_flipped_reference_in_glyphs(): OK
bakery_lint.tests.downstream.test_fontforge_validation_state.FontForgeValidateStateTest.test_missing_anchors(): OK
bakery_lint.tests.downstream.test_fontforge_validation_state.FontForgeValidateStateTest.test_missing_extrema_in_glyphs(): FAIL
bakery_lint.tests.downstream.test_fontforge_validation_state.FontForgeValidateStateTest.test_overlapped_hints(): OK
bakery_lint.tests.downstream.test_fontforge_validation_state.FontForgeValidateStateTest.test_points_are_integer_aligned(): OK
bakery_lint.tests.downstream.test_fontforge_validation_state.FontForgeValidateStateTest.test_points_are_not_too_far_apart(): OK
bakery_lint.tests.downstream.test_fontforge_validation_state.FontForgeValidateStateTest.test_postscript_hasnt_limit_hints_in_glyphs(): OK
bakery_lint.tests.downstream.test_fontforge_validation_state.FontForgeValidateStateTest.test_postscript_hasnt_limit_points_in_glyphs(): OK
bakery_lint.tests.downstream.test_fontforge_validation_state.FontForgeValidateStateTest.test_referenced_glyphs_are_present(): OK
bakery_lint.tests.downstream.test_fontforge_validation_state.FontForgeValidateStateTest.test_valid_glyph_names(): OK
bakery_lint.tests.downstream.test_fontforge_validation_state.FontForgeValidateStateTest.test_valid_length_instructions(): OK
bakery_lint.tests.downstream.test_fontforge_validation_state.FontForgeValidateStateTest.test_validation_glyph_intersect(): OK
bakery_lint.tests.downstream.test_fontforge_validation_state.FontForgeValidateStateTest.test_validation_open_contours(): OK
bakery_lint.tests.downstream.test_fontforge_validation_state.FontForgeValidateStateTest.test_wrong_direction_in_glyphs(): OK
bakery_lint.tests.downstream.test_gpos_table_has_kerning_info.CheckGposTableHasKerningInfo.test_gpos_table_has_kerning_info(): OK
bakery_lint.tests.downstream.test_check_font_tables.CheckFontHasDsigTable.test_check_font_has_dsig_table(): OK
bakery_lint.tests.downstream.test_check_font_tables.CheckFontHasNotKernTable.test_no_kern_table_exists(): OK
bakery_lint.tests.downstream.test_check_license_included.CheckLicenseIncluded.test_license_included_in_font_names(): OK
bakery_lint.tests.downstream.test_check_no_problematic_formats.CheckNoProblematicFormats.test_check_no_problematic_formats(): OK
bakery_lint.tests.downstream.test_check_full_font_name_begins_with_family_name.CheckFullFontNameBeginsWithFamilyName.test_check_full_font_name_begins_with_family_name(): OK
bakery_lint.tests.downstream.test_check_unused_glyph_data.CheckUnusedGlyphData.test_check_unused_glyph_data(): ERROR
bakery_lint.tests.downstream.test_check_panose_identification.CheckPanoseIdentification.test_check_panose_identification(): OK
bakery_lint.tests.downstream.test_check_names_same_across_platforms.CheckNamesSameAcrossPlatforms.test_check_names_same_across_platforms(): OK
bakery_lint.tests.downstream.test_check_glyph_existence.CheckGlyphExistence.test_euro(): OK
bakery_lint.tests.downstream.test_check_glyph_existence.CheckGlyphExistence.test_nbsp(): OK
bakery_lint.tests.downstream.test_check_glyph_existence.CheckGlyphExistence.test_space(): OK
bakery_lint.tests.downstream.test_gasp_table_value.CheckGaspTableType.test_check_gasp_table_type(): FAIL
$ fontbakery-fix-gasp.py --set=15 /home/travis/build/fontdirectory/almendrasc/builds/build/AlmendraSC-BoldItalic.ttf
$ mv /home/travis/build/fontdirectory/almendrasc/builds/build/AlmendraSC-BoldItalic.ttf.fix /home/travis/build/fontdirectory/almendrasc/builds/build/AlmendraSC-BoldItalic.ttf
bakery_lint.tests.downstream.test_gasp_table_value.CheckGaspTableType.test_check_gasp_table_type(): OK
$ fontbakery-fix-gasp.py --set=15 /home/travis/build/fontdirectory/almendrasc/builds/build/AlmendraSC-BoldItalic.ttf
$ mv /home/travis/build/fontdirectory/almendrasc/builds/build/AlmendraSC-BoldItalic.ttf.fix /home/travis/build/fontdirectory/almendrasc/builds/build/AlmendraSC-BoldItalic.ttf
bakery_lint.tests.downstream.test_names_are_ascii_only.CheckNamesAreASCIIOnly.test_check_names_are_ascii_only(): OK
bakery_lint.tests.downstream.test_check_os2_width_class.CheckOS2WidthClass.test_check_os2_width_class(): OK
bakery_lint.tests.downstream.test_check_fontname_matches_macstyle.CheckFontNameEqualToMacStyleFlags.test_fontname_is_equal_to_macstyle(): FAIL
bakery_lint.tests.downstream.test_check_italic_angle_agreement.CheckItalicAngleAgreement.test_check_italic_angle_agreement(): OK
bakery_lint.tests.downstream.test_check_hmtx_hhea_max_advance_width_agreement.CheckHmtxHheaMaxAdvanceWidthAgreement.test_check_hmtx_hhea_max_advance_width_agreement(): OK
### Optimize TTF AlmendraSC-BoldItalic.ttf
$ ls -l 'AlmendraSC-BoldItalic.ttf'* # look at the size savings of that subset process
AlmendraSC-BoldItalic.ttf.opt: 34972 bytes
AlmendraSC-BoldItalic.ttf: 37000 bytes
$ mv /home/travis/build/fontdirectory/almendrasc/builds/build/AlmendraSC-BoldItalic.ttf.opt /home/travis/build/fontdirectory/almendrasc/builds/build/AlmendraSC-BoldItalic.ttf
### Autohint TTFs (ttfautohint) AlmendraSC-BoldItalic.ttf
$ ttfautohint -l 7 -r 28 -G 50 -x 13 -w "G" /home/travis/build/fontdirectory/almendrasc/builds/build/AlmendraSC-BoldItalic.ttf '/home/travis/build/fontdirectory/almendrasc/builds/build/AlmendraSC-BoldItalic.autohint.ttf'

$ ls -l /home/travis/build/fontdirectory/almendrasc/builds/build/AlmendraSC-BoldItalic.*ttf # look at the size savings of that subset process
/home/travis/build/fontdirectory/almendrasc/builds/build/AlmendraSC-BoldItalic.ttf: 34972 bytes
/home/travis/build/fontdirectory/almendrasc/builds/build/AlmendraSC-BoldItalic.autohint.ttf: 64360 bytes
$ mv /home/travis/build/fontdirectory/almendrasc/builds/build/AlmendraSC-BoldItalic.autohint.ttf /home/travis/build/fontdirectory/almendrasc/builds/build/AlmendraSC-BoldItalic.ttf
### Subset TTFs (pyftsubset) AlmendraSC-BoldItalic.ttf
$ pyftsubset AlmendraSC-BoldItalic.latin
$ pyftsubset AlmendraSC-BoldItalic.menu
spaceWidth is    165
nbspWidth is     165
Nothing to do
strippedname:/home/travis/build/fontdirectory/almendrasc/builds/build/AlmendraSC-BoldItalic.ttf
$ fontbakery-build-font2ttf.py sources/AlmendraSC-Bold-TTF.sfd AlmendraSC-Bold-TTF.ttf
Success: Generated OpenType-TTF (/home/travis/build/fontdirectory/almendrasc/builds/build/AlmendraSC-Bold-TTF.ttf)
### Test AlmendraSC-Bold-TTF.ttf
$ fontbakery-check.py result AlmendraSC-Bold-TTF.ttf
bakery_lint.tests.downstream.test_check_font_agreements.CheckFsTypeIsNotSet.test_is_fstype_not_set(): OK
$ fontbakery-fix-fstype.py --autofix /home/travis/build/fontdirectory/almendrasc/builds/build/AlmendraSC-Bold-TTF.ttf
$ mv /home/travis/build/fontdirectory/almendrasc/builds/build/AlmendraSC-Bold-TTF.ttf.fix /home/travis/build/fontdirectory/almendrasc/builds/build/AlmendraSC-Bold-TTF.ttf
bakery_lint.tests.downstream.test_check_font_agreements.CheckFontAgreements.test_em_is_1000(): OK
bakery_lint.tests.downstream.test_check_font_agreements.CheckFontAgreements.test_font_is_font(): OK
bakery_lint.tests.downstream.test_check_font_agreements.CheckFontAgreements.test_latin_file_exists(): FAIL
bakery_lint.tests.downstream.test_check_font_agreements.CheckFontAgreements.test_menu_file_exists(): FAIL
bakery_lint.tests.downstream.test_check_unencoded_glyph.TestFontUnencodedGlyph.test_font_unencoded_glyphs(): FAIL
$ fontbakery-fix-glyph-private-encoding.py --autofix /home/travis/build/fontdirectory/almendrasc/builds/build/AlmendraSC-Bold-TTF.ttf
$ mv /home/travis/build/fontdirectory/almendrasc/builds/build/AlmendraSC-Bold-TTF.ttf.fix /home/travis/build/fontdirectory/almendrasc/builds/build/AlmendraSC-Bold-TTF.ttf
bakery_lint.tests.downstream.test_check_unencoded_glyph.TestFontUnencodedGlyph.test_font_unencoded_glyphs(): FAIL
bakery_lint.tests.downstream.test_check_name_table_recommendation.CheckStyleNameRecommendation.test_check_stylename_is_under_recommendations(): OK
bakery_lint.tests.downstream.test_check_name_table_recommendation.CheckOTFamilyNameRecommendation.test_check_opentype_familyname(): FAIL
$ fontbakery-fix-opentype-names.py /home/travis/build/fontdirectory/almendrasc/builds/build/AlmendraSC-Bold-TTF.ttf
$ mv /home/travis/build/fontdirectory/almendrasc/builds/build/AlmendraSC-Bold-TTF.ttf.fix /home/travis/build/fontdirectory/almendrasc/builds/build/AlmendraSC-Bold-TTF.ttf
bakery_lint.tests.downstream.test_check_name_table_recommendation.CheckOTFamilyNameRecommendation.test_check_opentype_familyname(): OK
bakery_lint.tests.downstream.test_check_name_table_recommendation.CheckOTStyleNameRecommendation.test_check_opentype_stylename(): OK
bakery_lint.tests.downstream.test_check_name_table_recommendation.CheckOTFullNameRecommendation.test_check_opentype_fullname(): OK
bakery_lint.tests.downstream.test_check_upm_heights_less_120.TestCheckUPMHeightsLess120.test_check_upm_heigths_less_120(): FAIL
bakery_lint.tests.downstream.test_check_vertical_metrics.CheckVerticalLinegapMetrics.test_metrics_linegaps_are_zero(): OK
bakery_lint.tests.downstream.test_check_vertical_metrics.CheckVerticalAscentMetrics.test_metrics_ascents_equal_bbox(): FAIL
$ fontbakery-fix-vertical-metrics.py --autofix /home/travis/build/fontdirectory/almendrasc/builds/build/AlmendraSC-BoldItalic.ttf /home/travis/build/fontdirectory/almendrasc/builds/build/AlmendraSC-Regular.ttf /home/travis/build/fontdirectory/almendrasc/builds/build/AlmendraSC-Bold.ttf /home/travis/build/fontdirectory/almendrasc/builds/build/AlmendraSC-Bold-TTF.ttf /home/travis/build/fontdirectory/almendrasc/builds/build/AlmendraSC-Italic.ttf
$ mv /home/travis/build/fontdirectory/almendrasc/builds/build/AlmendraSC-BoldItalic.ttf.fix /home/travis/build/fontdirectory/almendrasc/builds/build/AlmendraSC-BoldItalic.ttf
$ mv /home/travis/build/fontdirectory/almendrasc/builds/build/AlmendraSC-Regular.ttf.fix /home/travis/build/fontdirectory/almendrasc/builds/build/AlmendraSC-Regular.ttf
$ mv /home/travis/build/fontdirectory/almendrasc/builds/build/AlmendraSC-Bold.ttf.fix /home/travis/build/fontdirectory/almendrasc/builds/build/AlmendraSC-Bold.ttf
$ mv /home/travis/build/fontdirectory/almendrasc/builds/build/AlmendraSC-Bold-TTF.ttf.fix /home/travis/build/fontdirectory/almendrasc/builds/build/AlmendraSC-Bold-TTF.ttf
$ mv /home/travis/build/fontdirectory/almendrasc/builds/build/AlmendraSC-Italic.ttf.fix /home/travis/build/fontdirectory/almendrasc/builds/build/AlmendraSC-Italic.ttf
$ fontbakery-fix-vertical-metrics.py /home/travis/build/fontdirectory/almendrasc/builds/build/AlmendraSC-BoldItalic.ttf /home/travis/build/fontdirectory/almendrasc/builds/build/AlmendraSC-Regular.ttf /home/travis/build/fontdirectory/almendrasc/builds/build/AlmendraSC-Bold.ttf /home/travis/build/fontdirectory/almendrasc/builds/build/AlmendraSC-Bold-TTF.ttf /home/travis/build/fontdirectory/almendrasc/builds/build/AlmendraSC-Italic.ttf
Parameter              AlmendraSC-BoldItalic.ttf    AlmendraSC-Regular.ttf    AlmendraSC-Bold.ttf    AlmendraSC-Bold-TTF.ttf    AlmendraSC-Italic.ttf    
ymax                   907                          896                       896                    896                        885                      
hhea.ascent            907                          907                       907                    907                        907                      
OS/2.sTypoAscender     907                          907                       907                    907                        907                      
OS/2.usWinAscent       907                          907                       907                    907                        907                      
ymin                   -335                         -345                      -345                   -345                       -305                     
hhea.descent           -345                         -345                      -345                   -345                       -345                     
OS/2.sTypoDescender    -345                         -345                      -345                   -345                       -345                     
OS/2.usWinDescent      345                          345                       345                    345                        345                      
hhea.lineGap           0                            0                         0                      0                          0                        
OS/2.sTypoLineGap      0                            0                         0                      0                          0                        
hhea total             1252                         1252                      1252                   1252                       1252                     
typo total             1252                         1252                      1252                   1252                       1252                     
win total              1252                         1252                      1252                   1252                       1252                     
UPM:Heights            1000:1242                    1000:1241                 1000:1241              1000:1241                  1000:1190                
UPM:Heights %          124 %                        124 %                     124 %                  124 %                      119 %                    


bakery_lint.tests.downstream.test_check_vertical_metrics.CheckVerticalAscentMetrics.test_metrics_ascents_equal_bbox(): OK
bakery_lint.tests.downstream.test_check_vertical_metrics.CheckVerticalDescentMetrics.test_metrics_descents_equal_bbox(): OK
bakery_lint.tests.downstream.test_check_magic_prep_code.CheckMagicPREPByteCode.test_prep_magic_code(): OK
bakery_lint.tests.downstream.test_check_glyf_table_length.CheckGlyfTableLength.test_check_glyf_table_length(): FAIL
bakery_lint.tests.downstream.test_check_nbsp_width_matches_sp_width.CheckNbspWidthMatchesSpWidth.test_check_nbsp_width_matches_sp_width(): FAIL
$ fontbakery-fix-nbsp.py /home/travis/build/fontdirectory/almendrasc/builds/build/AlmendraSC-Bold-TTF.ttf
$ mv /home/travis/build/fontdirectory/almendrasc/builds/build/AlmendraSC-Bold-TTF.ttf.fix /home/travis/build/fontdirectory/almendrasc/builds/build/AlmendraSC-Bold-TTF.ttf
bakery_lint.tests.downstream.test_check_nbsp_width_matches_sp_width.CheckNbspWidthMatchesSpWidth.test_check_nbsp_width_matches_sp_width(): FAIL
The following table(s) in the font have been ignored by FontForge
  Ignoring 'DSIG' digital signature table
bakery_lint.tests.downstream.test_fontforge_validation_state.FontForgeValidateStateTest.test_allowed_numbers_paths_in_composite_glyphs(): OK
bakery_lint.tests.downstream.test_fontforge_validation_state.FontForgeValidateStateTest.test_allowed_numbers_paths_in_glyphs(): OK
bakery_lint.tests.downstream.test_fontforge_validation_state.FontForgeValidateStateTest.test_allowed_numbers_points_in_composite_glyphs(): OK
bakery_lint.tests.downstream.test_fontforge_validation_state.FontForgeValidateStateTest.test_allowed_numbers_points_in_glyphs(): OK
bakery_lint.tests.downstream.test_fontforge_validation_state.FontForgeValidateStateTest.test_duplicate_glyphs(): OK
bakery_lint.tests.downstream.test_fontforge_validation_state.FontForgeValidateStateTest.test_duplicate_unicode_codepoints(): OK
bakery_lint.tests.downstream.test_fontforge_validation_state.FontForgeValidateStateTest.test_flipped_reference_in_glyphs(): OK
bakery_lint.tests.downstream.test_fontforge_validation_state.FontForgeValidateStateTest.test_missing_anchors(): OK
bakery_lint.tests.downstream.test_fontforge_validation_state.FontForgeValidateStateTest.test_missing_extrema_in_glyphs(): FAIL
bakery_lint.tests.downstream.test_fontforge_validation_state.FontForgeValidateStateTest.test_overlapped_hints(): OK
bakery_lint.tests.downstream.test_fontforge_validation_state.FontForgeValidateStateTest.test_points_are_integer_aligned(): OK
bakery_lint.tests.downstream.test_fontforge_validation_state.FontForgeValidateStateTest.test_points_are_not_too_far_apart(): OK
bakery_lint.tests.downstream.test_fontforge_validation_state.FontForgeValidateStateTest.test_postscript_hasnt_limit_hints_in_glyphs(): OK
bakery_lint.tests.downstream.test_fontforge_validation_state.FontForgeValidateStateTest.test_postscript_hasnt_limit_points_in_glyphs(): OK
bakery_lint.tests.downstream.test_fontforge_validation_state.FontForgeValidateStateTest.test_referenced_glyphs_are_present(): OK
bakery_lint.tests.downstream.test_fontforge_validation_state.FontForgeValidateStateTest.test_valid_glyph_names(): OK
bakery_lint.tests.downstream.test_fontforge_validation_state.FontForgeValidateStateTest.test_valid_length_instructions(): OK
bakery_lint.tests.downstream.test_fontforge_validation_state.FontForgeValidateStateTest.test_validation_glyph_intersect(): FAIL
bakery_lint.tests.downstream.test_fontforge_validation_state.FontForgeValidateStateTest.test_validation_open_contours(): OK
bakery_lint.tests.downstream.test_fontforge_validation_state.FontForgeValidateStateTest.test_wrong_direction_in_glyphs(): OK
bakery_lint.tests.downstream.test_gpos_table_has_kerning_info.CheckGposTableHasKerningInfo.test_gpos_table_has_kerning_info(): OK
bakery_lint.tests.downstream.test_check_font_tables.CheckFontHasDsigTable.test_check_font_has_dsig_table(): OK
bakery_lint.tests.downstream.test_check_font_tables.CheckFontHasNotKernTable.test_no_kern_table_exists(): OK
bakery_lint.tests.downstream.test_check_license_included.CheckLicenseIncluded.test_license_included_in_font_names(): OK
bakery_lint.tests.downstream.test_check_no_problematic_formats.CheckNoProblematicFormats.test_check_no_problematic_formats(): OK
bakery_lint.tests.downstream.test_check_full_font_name_begins_with_family_name.CheckFullFontNameBeginsWithFamilyName.test_check_full_font_name_begins_with_family_name(): OK
bakery_lint.tests.downstream.test_check_unused_glyph_data.CheckUnusedGlyphData.test_check_unused_glyph_data(): ERROR
bakery_lint.tests.downstream.test_check_panose_identification.CheckPanoseIdentification.test_check_panose_identification(): OK
bakery_lint.tests.downstream.test_check_names_same_across_platforms.CheckNamesSameAcrossPlatforms.test_check_names_same_across_platforms(): OK
bakery_lint.tests.downstream.test_check_glyph_existence.CheckGlyphExistence.test_euro(): OK
bakery_lint.tests.downstream.test_check_glyph_existence.CheckGlyphExistence.test_nbsp(): OK
bakery_lint.tests.downstream.test_check_glyph_existence.CheckGlyphExistence.test_space(): OK
bakery_lint.tests.downstream.test_gasp_table_value.CheckGaspTableType.test_check_gasp_table_type(): OK
$ fontbakery-fix-gasp.py --set=15 /home/travis/build/fontdirectory/almendrasc/builds/build/AlmendraSC-Bold-TTF.ttf
$ mv /home/travis/build/fontdirectory/almendrasc/builds/build/AlmendraSC-Bold-TTF.ttf.fix /home/travis/build/fontdirectory/almendrasc/builds/build/AlmendraSC-Bold-TTF.ttf
bakery_lint.tests.downstream.test_names_are_ascii_only.CheckNamesAreASCIIOnly.test_check_names_are_ascii_only(): OK
bakery_lint.tests.downstream.test_check_os2_width_class.CheckOS2WidthClass.test_check_os2_width_class(): OK
bakery_lint.tests.downstream.test_check_fontname_matches_macstyle.CheckFontNameEqualToMacStyleFlags.test_fontname_is_equal_to_macstyle(): FAIL
bakery_lint.tests.downstream.test_check_italic_angle_agreement.CheckItalicAngleAgreement.test_check_italic_angle_agreement(): OK
bakery_lint.tests.downstream.test_check_hmtx_hhea_max_advance_width_agreement.CheckHmtxHheaMaxAdvanceWidthAgreement.test_check_hmtx_hhea_max_advance_width_agreement(): OK
### Optimize TTF AlmendraSC-Bold-TTF.ttf
$ ls -l 'AlmendraSC-Bold-TTF.ttf'* # look at the size savings of that subset process
AlmendraSC-Bold-TTF.ttf.opt: 37156 bytes
AlmendraSC-Bold-TTF.ttf: 39168 bytes
$ mv /home/travis/build/fontdirectory/almendrasc/builds/build/AlmendraSC-Bold-TTF.ttf.opt /home/travis/build/fontdirectory/almendrasc/builds/build/AlmendraSC-Bold-TTF.ttf
### Autohint TTFs (ttfautohint) AlmendraSC-Bold-TTF.ttf
$ ttfautohint -l 7 -r 28 -G 50 -x 13 -w "G" /home/travis/build/fontdirectory/almendrasc/builds/build/AlmendraSC-Bold-TTF.ttf '/home/travis/build/fontdirectory/almendrasc/builds/build/AlmendraSC-Bold-TTF.autohint.ttf'

$ ls -l /home/travis/build/fontdirectory/almendrasc/builds/build/AlmendraSC-Bold-TTF.*ttf # look at the size savings of that subset process
/home/travis/build/fontdirectory/almendrasc/builds/build/AlmendraSC-Bold-TTF.ttf: 37156 bytes
/home/travis/build/fontdirectory/almendrasc/builds/build/AlmendraSC-Bold-TTF.autohint.ttf: 63648 bytes
$ mv /home/travis/build/fontdirectory/almendrasc/builds/build/AlmendraSC-Bold-TTF.autohint.ttf /home/travis/build/fontdirectory/almendrasc/builds/build/AlmendraSC-Bold-TTF.ttf
### Subset TTFs (pyftsubset) AlmendraSC-Bold-TTF.ttf
$ pyftsubset AlmendraSC-Bold-TTF.latin
$ pyftsubset AlmendraSC-Bold-TTF.menu
spaceWidth is    180
nbspWidth is     180
Nothing to do
strippedname:/home/travis/build/fontdirectory/almendrasc/builds/build/AlmendraSC-Bold-TTF.ttf
$ fontbakery-build-font2ttf.py sources/AlmendraSC-BoldItalic-TTF.sfd AlmendraSC-BoldItalic-TTF.ttf
Success: Generated OpenType-TTF (/home/travis/build/fontdirectory/almendrasc/builds/build/AlmendraSC-BoldItalic-TTF.ttf)
### Test AlmendraSC-BoldItalic-TTF.ttf
$ fontbakery-check.py result AlmendraSC-BoldItalic-TTF.ttf
bakery_lint.tests.downstream.test_check_font_agreements.CheckFsTypeIsNotSet.test_is_fstype_not_set(): OK
$ fontbakery-fix-fstype.py --autofix /home/travis/build/fontdirectory/almendrasc/builds/build/AlmendraSC-BoldItalic-TTF.ttf
$ mv /home/travis/build/fontdirectory/almendrasc/builds/build/AlmendraSC-BoldItalic-TTF.ttf.fix /home/travis/build/fontdirectory/almendrasc/builds/build/AlmendraSC-BoldItalic-TTF.ttf
bakery_lint.tests.downstream.test_check_font_agreements.CheckFontAgreements.test_em_is_1000(): OK
bakery_lint.tests.downstream.test_check_font_agreements.CheckFontAgreements.test_font_is_font(): OK
bakery_lint.tests.downstream.test_check_font_agreements.CheckFontAgreements.test_latin_file_exists(): FAIL
bakery_lint.tests.downstream.test_check_font_agreements.CheckFontAgreements.test_menu_file_exists(): FAIL
bakery_lint.tests.downstream.test_check_unencoded_glyph.TestFontUnencodedGlyph.test_font_unencoded_glyphs(): FAIL
$ fontbakery-fix-glyph-private-encoding.py --autofix /home/travis/build/fontdirectory/almendrasc/builds/build/AlmendraSC-BoldItalic-TTF.ttf
$ mv /home/travis/build/fontdirectory/almendrasc/builds/build/AlmendraSC-BoldItalic-TTF.ttf.fix /home/travis/build/fontdirectory/almendrasc/builds/build/AlmendraSC-BoldItalic-TTF.ttf
bakery_lint.tests.downstream.test_check_unencoded_glyph.TestFontUnencodedGlyph.test_font_unencoded_glyphs(): FAIL
bakery_lint.tests.downstream.test_check_name_table_recommendation.CheckStyleNameRecommendation.test_check_stylename_is_under_recommendations(): OK
bakery_lint.tests.downstream.test_check_name_table_recommendation.CheckOTFamilyNameRecommendation.test_check_opentype_familyname(): FAIL
$ fontbakery-fix-opentype-names.py /home/travis/build/fontdirectory/almendrasc/builds/build/AlmendraSC-BoldItalic-TTF.ttf
$ mv /home/travis/build/fontdirectory/almendrasc/builds/build/AlmendraSC-BoldItalic-TTF.ttf.fix /home/travis/build/fontdirectory/almendrasc/builds/build/AlmendraSC-BoldItalic-TTF.ttf
bakery_lint.tests.downstream.test_check_name_table_recommendation.CheckOTFamilyNameRecommendation.test_check_opentype_familyname(): OK
bakery_lint.tests.downstream.test_check_name_table_recommendation.CheckOTStyleNameRecommendation.test_check_opentype_stylename(): OK
bakery_lint.tests.downstream.test_check_name_table_recommendation.CheckOTFullNameRecommendation.test_check_opentype_fullname(): OK
bakery_lint.tests.downstream.test_check_upm_heights_less_120.TestCheckUPMHeightsLess120.test_check_upm_heigths_less_120(): FAIL
bakery_lint.tests.downstream.test_check_vertical_metrics.CheckVerticalLinegapMetrics.test_metrics_linegaps_are_zero(): OK
bakery_lint.tests.downstream.test_check_vertical_metrics.CheckVerticalAscentMetrics.test_metrics_ascents_equal_bbox(): FAIL
$ fontbakery-fix-vertical-metrics.py --autofix /home/travis/build/fontdirectory/almendrasc/builds/build/AlmendraSC-BoldItalic.ttf /home/travis/build/fontdirectory/almendrasc/builds/build/AlmendraSC-BoldItalic-TTF.ttf /home/travis/build/fontdirectory/almendrasc/builds/build/AlmendraSC-Regular.ttf /home/travis/build/fontdirectory/almendrasc/builds/build/AlmendraSC-Bold.ttf /home/travis/build/fontdirectory/almendrasc/builds/build/AlmendraSC-Bold-TTF.ttf /home/travis/build/fontdirectory/almendrasc/builds/build/AlmendraSC-Italic.ttf
$ mv /home/travis/build/fontdirectory/almendrasc/builds/build/AlmendraSC-BoldItalic.ttf.fix /home/travis/build/fontdirectory/almendrasc/builds/build/AlmendraSC-BoldItalic.ttf
$ mv /home/travis/build/fontdirectory/almendrasc/builds/build/AlmendraSC-BoldItalic-TTF.ttf.fix /home/travis/build/fontdirectory/almendrasc/builds/build/AlmendraSC-BoldItalic-TTF.ttf
$ mv /home/travis/build/fontdirectory/almendrasc/builds/build/AlmendraSC-Regular.ttf.fix /home/travis/build/fontdirectory/almendrasc/builds/build/AlmendraSC-Regular.ttf
$ mv /home/travis/build/fontdirectory/almendrasc/builds/build/AlmendraSC-Bold.ttf.fix /home/travis/build/fontdirectory/almendrasc/builds/build/AlmendraSC-Bold.ttf
$ mv /home/travis/build/fontdirectory/almendrasc/builds/build/AlmendraSC-Bold-TTF.ttf.fix /home/travis/build/fontdirectory/almendrasc/builds/build/AlmendraSC-Bold-TTF.ttf
$ mv /home/travis/build/fontdirectory/almendrasc/builds/build/AlmendraSC-Italic.ttf.fix /home/travis/build/fontdirectory/almendrasc/builds/build/AlmendraSC-Italic.ttf
$ fontbakery-fix-vertical-metrics.py /home/travis/build/fontdirectory/almendrasc/builds/build/AlmendraSC-BoldItalic.ttf /home/travis/build/fontdirectory/almendrasc/builds/build/AlmendraSC-BoldItalic-TTF.ttf /home/travis/build/fontdirectory/almendrasc/builds/build/AlmendraSC-Regular.ttf /home/travis/build/fontdirectory/almendrasc/builds/build/AlmendraSC-Bold.ttf /home/travis/build/fontdirectory/almendrasc/builds/build/AlmendraSC-Bold-TTF.ttf /home/travis/build/fontdirectory/almendrasc/builds/build/AlmendraSC-Italic.ttf
Parameter              AlmendraSC-BoldItalic.ttf    AlmendraSC-BoldItalic-TTF.ttf    AlmendraSC-Regular.ttf    AlmendraSC-Bold.ttf    AlmendraSC-Bold-TTF.ttf    AlmendraSC-Italic.ttf    
ymax                   907                          908                              896                       896                    896                        885                      
hhea.ascent            908                          908                              908                       908                    908                        908                      
OS/2.sTypoAscender     908                          908                              908                       908                    908                        908                      
OS/2.usWinAscent       908                          908                              908                       908                    908                        908                      
ymin                   -335                         -335                             -345                      -345                   -345                       -305                     
hhea.descent           -345                         -345                             -345                      -345                   -345                       -345                     
OS/2.sTypoDescender    -345                         -345                             -345                      -345                   -345                       -345                     
OS/2.usWinDescent      345                          345                              345                       345                    345                        345                      
hhea.lineGap           0                            0                                0                         0                      0                          0                        
OS/2.sTypoLineGap      0                            0                                0                         0                      0                          0                        
hhea total             1253                         1253                             1253                      1253                   1253                       1253                     
typo total             1253                         1253                             1253                      1253                   1253                       1253                     
win total              1253                         1253                             1253                      1253                   1253                       1253                     
UPM:Heights            1000:1242                    1000:1243                        1000:1241                 1000:1241              1000:1241                  1000:1190                
UPM:Heights %          124 %                        124 %                            124 %                     124 %                  124 %                      119 %                    


bakery_lint.tests.downstream.test_check_vertical_metrics.CheckVerticalAscentMetrics.test_metrics_ascents_equal_bbox(): OK
bakery_lint.tests.downstream.test_check_vertical_metrics.CheckVerticalDescentMetrics.test_metrics_descents_equal_bbox(): OK
bakery_lint.tests.downstream.test_check_magic_prep_code.CheckMagicPREPByteCode.test_prep_magic_code(): OK
bakery_lint.tests.downstream.test_check_glyf_table_length.CheckGlyfTableLength.test_check_glyf_table_length(): FAIL
bakery_lint.tests.downstream.test_check_nbsp_width_matches_sp_width.CheckNbspWidthMatchesSpWidth.test_check_nbsp_width_matches_sp_width(): FAIL
$ fontbakery-fix-nbsp.py /home/travis/build/fontdirectory/almendrasc/builds/build/AlmendraSC-BoldItalic-TTF.ttf
$ mv /home/travis/build/fontdirectory/almendrasc/builds/build/AlmendraSC-BoldItalic-TTF.ttf.fix /home/travis/build/fontdirectory/almendrasc/builds/build/AlmendraSC-BoldItalic-TTF.ttf
bakery_lint.tests.downstream.test_check_nbsp_width_matches_sp_width.CheckNbspWidthMatchesSpWidth.test_check_nbsp_width_matches_sp_width(): FAIL
The following table(s) in the font have been ignored by FontForge
  Ignoring 'DSIG' digital signature table
bakery_lint.tests.downstream.test_fontforge_validation_state.FontForgeValidateStateTest.test_allowed_numbers_paths_in_composite_glyphs(): OK
bakery_lint.tests.downstream.test_fontforge_validation_state.FontForgeValidateStateTest.test_allowed_numbers_paths_in_glyphs(): OK
bakery_lint.tests.downstream.test_fontforge_validation_state.FontForgeValidateStateTest.test_allowed_numbers_points_in_composite_glyphs(): OK
bakery_lint.tests.downstream.test_fontforge_validation_state.FontForgeValidateStateTest.test_allowed_numbers_points_in_glyphs(): OK
bakery_lint.tests.downstream.test_fontforge_validation_state.FontForgeValidateStateTest.test_duplicate_glyphs(): OK
bakery_lint.tests.downstream.test_fontforge_validation_state.FontForgeValidateStateTest.test_duplicate_unicode_codepoints(): OK
bakery_lint.tests.downstream.test_fontforge_validation_state.FontForgeValidateStateTest.test_flipped_reference_in_glyphs(): OK
bakery_lint.tests.downstream.test_fontforge_validation_state.FontForgeValidateStateTest.test_missing_anchors(): OK
bakery_lint.tests.downstream.test_fontforge_validation_state.FontForgeValidateStateTest.test_missing_extrema_in_glyphs(): FAIL
bakery_lint.tests.downstream.test_fontforge_validation_state.FontForgeValidateStateTest.test_overlapped_hints(): OK
bakery_lint.tests.downstream.test_fontforge_validation_state.FontForgeValidateStateTest.test_points_are_integer_aligned(): OK
bakery_lint.tests.downstream.test_fontforge_validation_state.FontForgeValidateStateTest.test_points_are_not_too_far_apart(): OK
bakery_lint.tests.downstream.test_fontforge_validation_state.FontForgeValidateStateTest.test_postscript_hasnt_limit_hints_in_glyphs(): OK
bakery_lint.tests.downstream.test_fontforge_validation_state.FontForgeValidateStateTest.test_postscript_hasnt_limit_points_in_glyphs(): OK
bakery_lint.tests.downstream.test_fontforge_validation_state.FontForgeValidateStateTest.test_referenced_glyphs_are_present(): OK
bakery_lint.tests.downstream.test_fontforge_validation_state.FontForgeValidateStateTest.test_valid_glyph_names(): OK
bakery_lint.tests.downstream.test_fontforge_validation_state.FontForgeValidateStateTest.test_valid_length_instructions(): OK
bakery_lint.tests.downstream.test_fontforge_validation_state.FontForgeValidateStateTest.test_validation_glyph_intersect(): FAIL
bakery_lint.tests.downstream.test_fontforge_validation_state.FontForgeValidateStateTest.test_validation_open_contours(): OK
bakery_lint.tests.downstream.test_fontforge_validation_state.FontForgeValidateStateTest.test_wrong_direction_in_glyphs(): OK
bakery_lint.tests.downstream.test_gpos_table_has_kerning_info.CheckGposTableHasKerningInfo.test_gpos_table_has_kerning_info(): OK
bakery_lint.tests.downstream.test_check_font_tables.CheckFontHasDsigTable.test_check_font_has_dsig_table(): OK
bakery_lint.tests.downstream.test_check_font_tables.CheckFontHasNotKernTable.test_no_kern_table_exists(): OK
bakery_lint.tests.downstream.test_check_license_included.CheckLicenseIncluded.test_license_included_in_font_names(): OK
bakery_lint.tests.downstream.test_check_no_problematic_formats.CheckNoProblematicFormats.test_check_no_problematic_formats(): OK
bakery_lint.tests.downstream.test_check_full_font_name_begins_with_family_name.CheckFullFontNameBeginsWithFamilyName.test_check_full_font_name_begins_with_family_name(): OK
bakery_lint.tests.downstream.test_check_unused_glyph_data.CheckUnusedGlyphData.test_check_unused_glyph_data(): ERROR
bakery_lint.tests.downstream.test_check_panose_identification.CheckPanoseIdentification.test_check_panose_identification(): OK
bakery_lint.tests.downstream.test_check_names_same_across_platforms.CheckNamesSameAcrossPlatforms.test_check_names_same_across_platforms(): OK
bakery_lint.tests.downstream.test_check_glyph_existence.CheckGlyphExistence.test_euro(): OK
bakery_lint.tests.downstream.test_check_glyph_existence.CheckGlyphExistence.test_nbsp(): OK
bakery_lint.tests.downstream.test_check_glyph_existence.CheckGlyphExistence.test_space(): OK
bakery_lint.tests.downstream.test_gasp_table_value.CheckGaspTableType.test_check_gasp_table_type(): OK
$ fontbakery-fix-gasp.py --set=15 /home/travis/build/fontdirectory/almendrasc/builds/build/AlmendraSC-BoldItalic-TTF.ttf
$ mv /home/travis/build/fontdirectory/almendrasc/builds/build/AlmendraSC-BoldItalic-TTF.ttf.fix /home/travis/build/fontdirectory/almendrasc/builds/build/AlmendraSC-BoldItalic-TTF.ttf
bakery_lint.tests.downstream.test_names_are_ascii_only.CheckNamesAreASCIIOnly.test_check_names_are_ascii_only(): OK
bakery_lint.tests.downstream.test_check_os2_width_class.CheckOS2WidthClass.test_check_os2_width_class(): OK
bakery_lint.tests.downstream.test_check_fontname_matches_macstyle.CheckFontNameEqualToMacStyleFlags.test_fontname_is_equal_to_macstyle(): FAIL
bakery_lint.tests.downstream.test_check_italic_angle_agreement.CheckItalicAngleAgreement.test_check_italic_angle_agreement(): OK
bakery_lint.tests.downstream.test_check_hmtx_hhea_max_advance_width_agreement.CheckHmtxHheaMaxAdvanceWidthAgreement.test_check_hmtx_hhea_max_advance_width_agreement(): OK
### Optimize TTF AlmendraSC-BoldItalic-TTF.ttf
$ ls -l 'AlmendraSC-BoldItalic-TTF.ttf'* # look at the size savings of that subset process
AlmendraSC-BoldItalic-TTF.ttf.opt: 35108 bytes
AlmendraSC-BoldItalic-TTF.ttf: 37124 bytes
$ mv /home/travis/build/fontdirectory/almendrasc/builds/build/AlmendraSC-BoldItalic-TTF.ttf.opt /home/travis/build/fontdirectory/almendrasc/builds/build/AlmendraSC-BoldItalic-TTF.ttf
### Autohint TTFs (ttfautohint) AlmendraSC-BoldItalic-TTF.ttf
$ ttfautohint -l 7 -r 28 -G 50 -x 13 -w "G" /home/travis/build/fontdirectory/almendrasc/builds/build/AlmendraSC-BoldItalic-TTF.ttf '/home/travis/build/fontdirectory/almendrasc/builds/build/AlmendraSC-BoldItalic-TTF.autohint.ttf'

$ ls -l /home/travis/build/fontdirectory/almendrasc/builds/build/AlmendraSC-BoldItalic-TTF.*ttf # look at the size savings of that subset process
/home/travis/build/fontdirectory/almendrasc/builds/build/AlmendraSC-BoldItalic-TTF.ttf: 35108 bytes
/home/travis/build/fontdirectory/almendrasc/builds/build/AlmendraSC-BoldItalic-TTF.autohint.ttf: 64660 bytes
$ mv /home/travis/build/fontdirectory/almendrasc/builds/build/AlmendraSC-BoldItalic-TTF.autohint.ttf /home/travis/build/fontdirectory/almendrasc/builds/build/AlmendraSC-BoldItalic-TTF.ttf
### Subset TTFs (pyftsubset) AlmendraSC-BoldItalic-TTF.ttf
$ pyftsubset AlmendraSC-BoldItalic-TTF.latin
$ pyftsubset AlmendraSC-BoldItalic-TTF.menu
spaceWidth is    165
nbspWidth is     165
Nothing to do
strippedname:/home/travis/build/fontdirectory/almendrasc/builds/build/AlmendraSC-BoldItalic-TTF.ttf
$ fontbakery-build-font2ttf.py sources/AlmendraSC-Regular-TTF.sfd AlmendraSC-Regular-TTF.ttf
Success: Generated OpenType-TTF (/home/travis/build/fontdirectory/almendrasc/builds/build/AlmendraSC-Regular-TTF.ttf)
### Test AlmendraSC-Regular-TTF.ttf
$ fontbakery-check.py result AlmendraSC-Regular-TTF.ttf
bakery_lint.tests.downstream.test_check_font_agreements.CheckFsTypeIsNotSet.test_is_fstype_not_set(): OK
$ fontbakery-fix-fstype.py --autofix /home/travis/build/fontdirectory/almendrasc/builds/build/AlmendraSC-Regular-TTF.ttf
$ mv /home/travis/build/fontdirectory/almendrasc/builds/build/AlmendraSC-Regular-TTF.ttf.fix /home/travis/build/fontdirectory/almendrasc/builds/build/AlmendraSC-Regular-TTF.ttf
bakery_lint.tests.downstream.test_check_font_agreements.CheckFontAgreements.test_em_is_1000(): OK
bakery_lint.tests.downstream.test_check_font_agreements.CheckFontAgreements.test_font_is_font(): OK
bakery_lint.tests.downstream.test_check_font_agreements.CheckFontAgreements.test_latin_file_exists(): FAIL
bakery_lint.tests.downstream.test_check_font_agreements.CheckFontAgreements.test_menu_file_exists(): FAIL
bakery_lint.tests.downstream.test_check_unencoded_glyph.TestFontUnencodedGlyph.test_font_unencoded_glyphs(): FAIL
$ fontbakery-fix-glyph-private-encoding.py --autofix /home/travis/build/fontdirectory/almendrasc/builds/build/AlmendraSC-Regular-TTF.ttf
$ mv /home/travis/build/fontdirectory/almendrasc/builds/build/AlmendraSC-Regular-TTF.ttf.fix /home/travis/build/fontdirectory/almendrasc/builds/build/AlmendraSC-Regular-TTF.ttf
bakery_lint.tests.downstream.test_check_unencoded_glyph.TestFontUnencodedGlyph.test_font_unencoded_glyphs(): FAIL
bakery_lint.tests.downstream.test_check_name_table_recommendation.CheckStyleNameRecommendation.test_check_stylename_is_under_recommendations(): OK
bakery_lint.tests.downstream.test_check_name_table_recommendation.CheckOTFamilyNameRecommendation.test_check_opentype_familyname(): FAIL
$ fontbakery-fix-opentype-names.py /home/travis/build/fontdirectory/almendrasc/builds/build/AlmendraSC-Regular-TTF.ttf
$ mv /home/travis/build/fontdirectory/almendrasc/builds/build/AlmendraSC-Regular-TTF.ttf.fix /home/travis/build/fontdirectory/almendrasc/builds/build/AlmendraSC-Regular-TTF.ttf
bakery_lint.tests.downstream.test_check_name_table_recommendation.CheckOTFamilyNameRecommendation.test_check_opentype_familyname(): OK
bakery_lint.tests.downstream.test_check_name_table_recommendation.CheckOTStyleNameRecommendation.test_check_opentype_stylename(): OK
bakery_lint.tests.downstream.test_check_name_table_recommendation.CheckOTFullNameRecommendation.test_check_opentype_fullname(): OK
bakery_lint.tests.downstream.test_check_upm_heights_less_120.TestCheckUPMHeightsLess120.test_check_upm_heigths_less_120(): FAIL
bakery_lint.tests.downstream.test_check_vertical_metrics.CheckVerticalLinegapMetrics.test_metrics_linegaps_are_zero(): OK
bakery_lint.tests.downstream.test_check_vertical_metrics.CheckVerticalAscentMetrics.test_metrics_ascents_equal_bbox(): FAIL
$ fontbakery-fix-vertical-metrics.py --autofix /home/travis/build/fontdirectory/almendrasc/builds/build/AlmendraSC-BoldItalic.ttf /home/travis/build/fontdirectory/almendrasc/builds/build/AlmendraSC-BoldItalic-TTF.ttf /home/travis/build/fontdirectory/almendrasc/builds/build/AlmendraSC-Regular.ttf /home/travis/build/fontdirectory/almendrasc/builds/build/AlmendraSC-Bold.ttf /home/travis/build/fontdirectory/almendrasc/builds/build/AlmendraSC-Regular-TTF.ttf /home/travis/build/fontdirectory/almendrasc/builds/build/AlmendraSC-Bold-TTF.ttf /home/travis/build/fontdirectory/almendrasc/builds/build/AlmendraSC-Italic.ttf
$ mv /home/travis/build/fontdirectory/almendrasc/builds/build/AlmendraSC-BoldItalic.ttf.fix /home/travis/build/fontdirectory/almendrasc/builds/build/AlmendraSC-BoldItalic.ttf
$ mv /home/travis/build/fontdirectory/almendrasc/builds/build/AlmendraSC-BoldItalic-TTF.ttf.fix /home/travis/build/fontdirectory/almendrasc/builds/build/AlmendraSC-BoldItalic-TTF.ttf
$ mv /home/travis/build/fontdirectory/almendrasc/builds/build/AlmendraSC-Regular.ttf.fix /home/travis/build/fontdirectory/almendrasc/builds/build/AlmendraSC-Regular.ttf
$ mv /home/travis/build/fontdirectory/almendrasc/builds/build/AlmendraSC-Bold.ttf.fix /home/travis/build/fontdirectory/almendrasc/builds/build/AlmendraSC-Bold.ttf
$ mv /home/travis/build/fontdirectory/almendrasc/builds/build/AlmendraSC-Regular-TTF.ttf.fix /home/travis/build/fontdirectory/almendrasc/builds/build/AlmendraSC-Regular-TTF.ttf
$ mv /home/travis/build/fontdirectory/almendrasc/builds/build/AlmendraSC-Bold-TTF.ttf.fix /home/travis/build/fontdirectory/almendrasc/builds/build/AlmendraSC-Bold-TTF.ttf
$ mv /home/travis/build/fontdirectory/almendrasc/builds/build/AlmendraSC-Italic.ttf.fix /home/travis/build/fontdirectory/almendrasc/builds/build/AlmendraSC-Italic.ttf
$ fontbakery-fix-vertical-metrics.py /home/travis/build/fontdirectory/almendrasc/builds/build/AlmendraSC-BoldItalic.ttf /home/travis/build/fontdirectory/almendrasc/builds/build/AlmendraSC-BoldItalic-TTF.ttf /home/travis/build/fontdirectory/almendrasc/builds/build/AlmendraSC-Regular.ttf /home/travis/build/fontdirectory/almendrasc/builds/build/AlmendraSC-Bold.ttf /home/travis/build/fontdirectory/almendrasc/builds/build/AlmendraSC-Regular-TTF.ttf /home/travis/build/fontdirectory/almendrasc/builds/build/AlmendraSC-Bold-TTF.ttf /home/travis/build/fontdirectory/almendrasc/builds/build/AlmendraSC-Italic.ttf
Parameter              AlmendraSC-BoldItalic.ttf    AlmendraSC-BoldItalic-TTF.ttf    AlmendraSC-Regular.ttf    AlmendraSC-Bold.ttf    AlmendraSC-Regular-TTF.ttf    AlmendraSC-Bold-TTF.ttf    AlmendraSC-Italic.ttf    
ymax                   907                          908                              896                       896                    885                           896                        885                      
hhea.ascent            908                          908                              908                       908                    908                           908                        908                      
OS/2.sTypoAscender     908                          908                              908                       908                    908                           908                        908                      
OS/2.usWinAscent       908                          908                              908                       908                    908                           908                        908                      
ymin                   -335                         -335                             -345                      -345                   -219                          -345                       -305                     
hhea.descent           -345                         -345                             -345                      -345                   -345                          -345                       -345                     
OS/2.sTypoDescender    -345                         -345                             -345                      -345                   -345                          -345                       -345                     
OS/2.usWinDescent      345                          345                              345                       345                    345                           345                        345                      
hhea.lineGap           0                            0                                0                         0                      0                             0                          0                        
OS/2.sTypoLineGap      0                            0                                0                         0                      0                             0                          0                        
hhea total             1253                         1253                             1253                      1253                   1253                          1253                       1253                     
typo total             1253                         1253                             1253                      1253                   1253                          1253                       1253                     
win total              1253                         1253                             1253                      1253                   1253                          1253                       1253                     
UPM:Heights            1000:1242                    1000:1243                        1000:1241                 1000:1241              1000:1104                     1000:1241                  1000:1190                
UPM:Heights %          124 %                        124 %                            124 %                     124 %                  110 %                         124 %                      119 %                    


bakery_lint.tests.downstream.test_check_vertical_metrics.CheckVerticalAscentMetrics.test_metrics_ascents_equal_bbox(): OK
bakery_lint.tests.downstream.test_check_vertical_metrics.CheckVerticalDescentMetrics.test_metrics_descents_equal_bbox(): OK
bakery_lint.tests.downstream.test_check_magic_prep_code.CheckMagicPREPByteCode.test_prep_magic_code(): OK
bakery_lint.tests.downstream.test_check_glyf_table_length.CheckGlyfTableLength.test_check_glyf_table_length(): FAIL
bakery_lint.tests.downstream.test_check_nbsp_width_matches_sp_width.CheckNbspWidthMatchesSpWidth.test_check_nbsp_width_matches_sp_width(): FAIL
$ fontbakery-fix-nbsp.py /home/travis/build/fontdirectory/almendrasc/builds/build/AlmendraSC-Regular-TTF.ttf
$ mv /home/travis/build/fontdirectory/almendrasc/builds/build/AlmendraSC-Regular-TTF.ttf.fix /home/travis/build/fontdirectory/almendrasc/builds/build/AlmendraSC-Regular-TTF.ttf
bakery_lint.tests.downstream.test_check_nbsp_width_matches_sp_width.CheckNbspWidthMatchesSpWidth.test_check_nbsp_width_matches_sp_width(): FAIL
The following table(s) in the font have been ignored by FontForge
  Ignoring 'DSIG' digital signature table
bakery_lint.tests.downstream.test_fontforge_validation_state.FontForgeValidateStateTest.test_allowed_numbers_paths_in_composite_glyphs(): OK
bakery_lint.tests.downstream.test_fontforge_validation_state.FontForgeValidateStateTest.test_allowed_numbers_paths_in_glyphs(): OK
bakery_lint.tests.downstream.test_fontforge_validation_state.FontForgeValidateStateTest.test_allowed_numbers_points_in_composite_glyphs(): OK
bakery_lint.tests.downstream.test_fontforge_validation_state.FontForgeValidateStateTest.test_allowed_numbers_points_in_glyphs(): OK
bakery_lint.tests.downstream.test_fontforge_validation_state.FontForgeValidateStateTest.test_duplicate_glyphs(): OK
bakery_lint.tests.downstream.test_fontforge_validation_state.FontForgeValidateStateTest.test_duplicate_unicode_codepoints(): OK
bakery_lint.tests.downstream.test_fontforge_validation_state.FontForgeValidateStateTest.test_flipped_reference_in_glyphs(): OK
bakery_lint.tests.downstream.test_fontforge_validation_state.FontForgeValidateStateTest.test_missing_anchors(): OK
bakery_lint.tests.downstream.test_fontforge_validation_state.FontForgeValidateStateTest.test_missing_extrema_in_glyphs(): FAIL
bakery_lint.tests.downstream.test_fontforge_validation_state.FontForgeValidateStateTest.test_overlapped_hints(): OK
bakery_lint.tests.downstream.test_fontforge_validation_state.FontForgeValidateStateTest.test_points_are_integer_aligned(): OK
bakery_lint.tests.downstream.test_fontforge_validation_state.FontForgeValidateStateTest.test_points_are_not_too_far_apart(): OK
bakery_lint.tests.downstream.test_fontforge_validation_state.FontForgeValidateStateTest.test_postscript_hasnt_limit_hints_in_glyphs(): OK
bakery_lint.tests.downstream.test_fontforge_validation_state.FontForgeValidateStateTest.test_postscript_hasnt_limit_points_in_glyphs(): OK
bakery_lint.tests.downstream.test_fontforge_validation_state.FontForgeValidateStateTest.test_referenced_glyphs_are_present(): OK
bakery_lint.tests.downstream.test_fontforge_validation_state.FontForgeValidateStateTest.test_valid_glyph_names(): OK
bakery_lint.tests.downstream.test_fontforge_validation_state.FontForgeValidateStateTest.test_valid_length_instructions(): OK
bakery_lint.tests.downstream.test_fontforge_validation_state.FontForgeValidateStateTest.test_validation_glyph_intersect(): FAIL
bakery_lint.tests.downstream.test_fontforge_validation_state.FontForgeValidateStateTest.test_validation_open_contours(): OK
bakery_lint.tests.downstream.test_fontforge_validation_state.FontForgeValidateStateTest.test_wrong_direction_in_glyphs(): OK
bakery_lint.tests.downstream.test_gpos_table_has_kerning_info.CheckGposTableHasKerningInfo.test_gpos_table_has_kerning_info(): FAIL
bakery_lint.tests.downstream.test_check_font_tables.CheckFontHasDsigTable.test_check_font_has_dsig_table(): OK
bakery_lint.tests.downstream.test_check_font_tables.CheckFontHasNotKernTable.test_no_kern_table_exists(): OK
bakery_lint.tests.downstream.test_check_license_included.CheckLicenseIncluded.test_license_included_in_font_names(): OK
bakery_lint.tests.downstream.test_check_no_problematic_formats.CheckNoProblematicFormats.test_check_no_problematic_formats(): OK
bakery_lint.tests.downstream.test_check_full_font_name_begins_with_family_name.CheckFullFontNameBeginsWithFamilyName.test_check_full_font_name_begins_with_family_name(): OK
bakery_lint.tests.downstream.test_check_unused_glyph_data.CheckUnusedGlyphData.test_check_unused_glyph_data(): ERROR
bakery_lint.tests.downstream.test_check_panose_identification.CheckPanoseIdentification.test_check_panose_identification(): OK
bakery_lint.tests.downstream.test_check_names_same_across_platforms.CheckNamesSameAcrossPlatforms.test_check_names_same_across_platforms(): OK
bakery_lint.tests.downstream.test_check_glyph_existence.CheckGlyphExistence.test_euro(): OK
bakery_lint.tests.downstream.test_check_glyph_existence.CheckGlyphExistence.test_nbsp(): OK
bakery_lint.tests.downstream.test_check_glyph_existence.CheckGlyphExistence.test_space(): OK
bakery_lint.tests.downstream.test_gasp_table_value.CheckGaspTableType.test_check_gasp_table_type(): OK
$ fontbakery-fix-gasp.py --set=15 /home/travis/build/fontdirectory/almendrasc/builds/build/AlmendraSC-Regular-TTF.ttf
$ mv /home/travis/build/fontdirectory/almendrasc/builds/build/AlmendraSC-Regular-TTF.ttf.fix /home/travis/build/fontdirectory/almendrasc/builds/build/AlmendraSC-Regular-TTF.ttf
bakery_lint.tests.downstream.test_names_are_ascii_only.CheckNamesAreASCIIOnly.test_check_names_are_ascii_only(): OK
bakery_lint.tests.downstream.test_check_os2_width_class.CheckOS2WidthClass.test_check_os2_width_class(): OK
bakery_lint.tests.downstream.test_check_fontname_matches_macstyle.CheckFontNameEqualToMacStyleFlags.test_fontname_is_equal_to_macstyle(): FAIL
bakery_lint.tests.downstream.test_check_italic_angle_agreement.CheckItalicAngleAgreement.test_check_italic_angle_agreement(): OK
bakery_lint.tests.downstream.test_check_hmtx_hhea_max_advance_width_agreement.CheckHmtxHheaMaxAdvanceWidthAgreement.test_check_hmtx_hhea_max_advance_width_agreement(): OK
### Optimize TTF AlmendraSC-Regular-TTF.ttf
$ ls -l 'AlmendraSC-Regular-TTF.ttf'* # look at the size savings of that subset process
AlmendraSC-Regular-TTF.ttf.opt: 36516 bytes
AlmendraSC-Regular-TTF.ttf: 38496 bytes
$ mv /home/travis/build/fontdirectory/almendrasc/builds/build/AlmendraSC-Regular-TTF.ttf.opt /home/travis/build/fontdirectory/almendrasc/builds/build/AlmendraSC-Regular-TTF.ttf
### Autohint TTFs (ttfautohint) AlmendraSC-Regular-TTF.ttf
$ ttfautohint -l 7 -r 28 -G 50 -x 13 -w "G" /home/travis/build/fontdirectory/almendrasc/builds/build/AlmendraSC-Regular-TTF.ttf '/home/travis/build/fontdirectory/almendrasc/builds/build/AlmendraSC-Regular-TTF.autohint.ttf'

$ ls -l /home/travis/build/fontdirectory/almendrasc/builds/build/AlmendraSC-Regular-TTF.*ttf # look at the size savings of that subset process
/home/travis/build/fontdirectory/almendrasc/builds/build/AlmendraSC-Regular-TTF.ttf: 36516 bytes
/home/travis/build/fontdirectory/almendrasc/builds/build/AlmendraSC-Regular-TTF.autohint.ttf: 60168 bytes
$ mv /home/travis/build/fontdirectory/almendrasc/builds/build/AlmendraSC-Regular-TTF.autohint.ttf /home/travis/build/fontdirectory/almendrasc/builds/build/AlmendraSC-Regular-TTF.ttf
### Subset TTFs (pyftsubset) AlmendraSC-Regular-TTF.ttf
$ pyftsubset AlmendraSC-Regular-TTF.latin
$ pyftsubset AlmendraSC-Regular-TTF.menu
spaceWidth is    180
nbspWidth is     180
Nothing to do
strippedname:/home/travis/build/fontdirectory/almendrasc/builds/build/AlmendraSC-Regular-TTF.ttf
### (5 of 6) Generate METADATA.json (fontbakery-build-metadata.py)
$ fontbakery-build-metadata.py /home/travis/build/fontdirectory/almendrasc/builds/build
{} exists
Designer's name from font is: Ana Sanfelippo
Original size: 63380\nGzip size: 29596
Family Name: Almendra SC
PS Name: AlmendraSC-BoldItalic
Full Name: Almendra SC Bold Italic
Style: italic
Weight: 700
Filename: AlmendraSC-BoldItalic.ttf
Copyright: Copyright (c) 2011-2012, Ana Sanfelippo (anasanfe@gmail.com), with Reserved Font Name 'Almendra'
Family Name: Almendra SC
PS Name: AlmendraSC-BoldItalic
Full Name: Almendra SC Bold Italic
Style: italic
Weight: 700
Filename: AlmendraSC-BoldItalic-TTF.ttf
Copyright: Copyright (c) 2011-2012, Ana Sanfelippo (anasanfe@gmail.com), with Reserved Font Name 'Almendra'
Family Name: Almendra SC
PS Name: AlmendraSC-Bold
Full Name: AlmendraSC-Bold
Style: normal
Weight: 700
Filename: AlmendraSC-Regular.ttf
Copyright: Copyright (c) 2011-2102, Ana Sanfelippo (anasanfe@gmail.com), with Reserved Font Name 'Almendra'
Family Name: Almendra SC
PS Name: AlmendraSC-Bold
Full Name: Almendra SC Bold
Style: normal
Weight: 700
Filename: AlmendraSC-Bold.ttf
Copyright: Copyright (c) 2011-2012, Ana Sanfelippo (anasanfe@gmail.com), with Reserved Font Name 'Almendra'
Family Name: Almendra SC
PS Name: AlmendraSC-Regular
Full Name: Almendra SC
Style: normal
Weight: 400
Filename: AlmendraSC-Regular-TTF.ttf
Copyright: Copyright (c) 2011-2012, Ana Sanfelippo (anasanfe@gmail.com), with Reserved Font Name 'Almendra'
Family Name: Almendra SC
PS Name: AlmendraSC-Bold
Full Name: Almendra SC Bold
Style: normal
Weight: 700
Filename: AlmendraSC-Bold-TTF.ttf
Copyright: Copyright (c) 2011-2012, Ana Sanfelippo (anasanfe@gmail.com), with Reserved Font Name 'Almendra'
Family Name: Almendra SC
PS Name: AlmendraSC-Italic
Full Name: Almendra SC Italic
Style: italic
Weight: 400
Filename: AlmendraSC-Italic.ttf
Copyright: Copyright (c) 2011-2012, Ana Sanfelippo (anasanfe@gmail.com), with Reserved Font Name 'Almendra'
### (6 of 6) Run tests for METADATA.json
$ fontbakery-check.py metadata METADATA.json
bakery_lint.tests.metadata_test.MetadataSubsetsListTest.test_charset_latin(): OK
bakery_lint.tests.metadata_test.MetadataSubsetsListTest.test_charset_latin_ext(): FAIL
bakery_lint.tests.metadata_test.MetadataSubsetsListTest.test_charset_menu(): OK
bakery_lint.tests.metadata_test.MetadataTest.test_description_is_more_than_500b(): OK
bakery_lint.tests.metadata_test.MetadataTest.test_description_is_valid_html(): OK
bakery_lint.tests.metadata_test.MetadataTest.test_does_not_familyName_exist_in_daltonmaag_catalogue(): FAIL
bakery_lint.tests.metadata_test.MetadataTest.test_does_not_familyName_exist_in_fontbureau_catalogue(): OK
bakery_lint.tests.metadata_test.MetadataTest.test_does_not_familyName_exist_in_fontscom_catalogue(): OK
bakery_lint.tests.metadata_test.MetadataTest.test_does_not_familyName_exist_in_fontshop_catalogue(): FAIL
bakery_lint.tests.metadata_test.MetadataTest.test_does_not_familyName_exist_in_fontsmith_catalogue(): FAIL
bakery_lint.tests.metadata_test.MetadataTest.test_does_not_familyName_exist_in_houseind_catalogue(): FAIL
bakery_lint.tests.metadata_test.MetadataTest.test_does_not_familyName_exist_in_myfonts_catalogue(): FAIL
bakery_lint.tests.metadata_test.MetadataTest.test_does_not_familyName_exist_in_veer_catalogue(): FAIL
bakery_lint.tests.metadata_test.MetadataTest.test_family_is_listed_in_gwf(): OK
bakery_lint.tests.metadata_test.MetadataTest.test_metadata_atleast_latin_menu_subsets_exist(): OK
/home/travis/virtualenv/python2.7.8/lib/python2.7/site-packages/bakery_lint/tests/metadata_test.py:141: UnicodeWarning: Unicode equal comparison failed to convert both arguments to Unicode - interpreting them as being unequal
  self.assertTrue(designer in designers,
bakery_lint.tests.metadata_test.MetadataTest.test_metadata_designer_exists_in_profiles_csv(): FAIL
bakery_lint.tests.metadata_test.MetadataTest.test_metadata_fonts_items_dicts(): OK
bakery_lint.tests.metadata_test.MetadataTest.test_metadata_fonts_key_list(): OK
bakery_lint.tests.metadata_test.MetadataTest.test_metadata_fonts_no_dupes(): OK
bakery_lint.tests.metadata_test.MetadataTest.test_metadata_has_unique_style_weight_pairs(): OK
bakery_lint.tests.metadata_test.MetadataTest.test_metadata_keys(): OK
bakery_lint.tests.metadata_test.MetadataTest.test_metadata_license(): OK
bakery_lint.tests.metadata_test.MetadataTest.test_metadata_no_unknown_top_keys(): OK
bakery_lint.tests.metadata_test.MetadataTest.test_metadata_subsets_key_list(): OK
bakery_lint.tests.metadata_test.MetadataTest.test_metadata_top_keys_types(): OK
bakery_lint.tests.downstream.test_check_font_name_not_in_camelcase.CheckFontNameNotInCamelCase.test_fontname_not_in_camel_case(): OK
bakery_lint.tests.downstream.test_check_familyname_matches_fontnames.CheckFamilyNameMatchesFontNames.test_check_familyname_matches_fontnames(): OK
bakery_lint.tests.downstream.test_check_text_files_exist.CheckTextFilesExist.test_copyrighttxt_exists(): FAIL
bakery_lint.tests.downstream.test_check_text_files_exist.CheckTextFilesExist.test_description_exists(): OK
bakery_lint.tests.downstream.test_check_text_files_exist.CheckTextFilesExist.test_fontlogtxt_exists(): OK
bakery_lint.tests.downstream.test_check_text_files_exist.CheckTextFilesExist.test_licensetxt_exists(): FAIL
bakery_lint.tests.downstream.test_check_menu_contains_proper_glyphs.CheckMenuSubsetContainsProperGlyphs.test_check_menu_contains_proper_glyphs(): OK
bakery_lint.tests.downstream.test_check_canonical_filenames.CheckCanonicalFilenames.test_check_canonical_filenames(): OK
bakery_lint.tests.downstream.test_metadata_agreements.TestFontOnDiskFamilyEqualToMetadataJSON.test_font_on_disk_family_equal_in_metadata_json(): OK
bakery_lint.tests.downstream.test_metadata_agreements.TestPostScriptNameInMetadataEqualFontOnDisk.test_postscriptname_in_metadata_equal_to_font_on_disk(): FAIL
bakery_lint.tests.downstream.test_metadata_agreements.CheckMetadataAgreements.test_font_name_matches_family(): OK
bakery_lint.tests.downstream.test_metadata_agreements.CheckMetadataAgreements.test_metadata_family_values_are_all_the_same(): OK
bakery_lint.tests.downstream.test_metadata_agreements.CheckMetadataAgreements.test_metadata_filename_matches_postscriptname(): OK
bakery_lint.tests.downstream.test_metadata_agreements.CheckMetadataAgreements.test_metadata_font_have_regular(): OK
bakery_lint.tests.downstream.test_metadata_agreements.CheckMetadataAgreements.test_metadata_fonts_fields_have_fontname(): OK
bakery_lint.tests.downstream.test_metadata_agreements.CheckMetadataAgreements.test_metadata_fullname_is_equal_to_internal_font_fullname(): FAIL
bakery_lint.tests.downstream.test_metadata_agreements.CheckMetadataAgreements.test_metadata_fullname_matches_postScriptName(): FAIL
bakery_lint.tests.downstream.test_metadata_agreements.CheckMetadataAgreements.test_metadata_regular_is_400(): OK
bakery_lint.tests.downstream.test_metadata_agreements.CheckMetadataAgreements.test_metadata_regular_is_normal(): FAIL
bakery_lint.tests.downstream.test_check_metadata_style_matches_names.CheckItalicStyleMatchesMacStyle.test_check_italic_style_matches_names(): FAIL
bakery_lint.tests.downstream.test_check_metadata_style_matches_names.CheckNormalStyleMatchesMacStyle.test_check_normal_style_matches_names(): OK
bakery_lint.tests.downstream.test_check_files_menu_agreements.CheckFontsMenuAgreements.test_menu_file_agreement(): OK
bakery_lint.tests.downstream.test_check_metadata_fields.CheckMetadataFields.test_check_metadata_fields(): OK
bakery_lint.tests.downstream.test_check_canonical_styles.CheckCanonicalStyles.test_check_canonical_styles(): FAIL
bakery_lint.tests.downstream.test_check_glyph_consistency.CheckGlyphConsistencyInFamily.test_the_same_encodings_of_glyphs_across_family(): OK
bakery_lint.tests.downstream.test_check_glyph_consistency.CheckGlyphConsistencyInFamily.test_the_same_names_of_glyphs_across_family(): FAIL
bakery_lint.tests.downstream.test_check_glyph_consistency.CheckGlyphConsistencyInFamily.test_the_same_number_of_glyphs_across_family(): FAIL
bakery_lint.tests.downstream.test_check_subsets_exists.CheckSubsetsExist.test_check_subsets_exists(): FAIL
bakery_lint.tests.downstream.test_metadata_font_copyright.CheckMetadataContainsReservedFontName.test_copyright_contains_correct_rfn(): OK
bakery_lint.tests.downstream.test_metadata_font_copyright.CheckMetadataContainsReservedFontName.test_copyright_is_consistent_across_family(): OK
bakery_lint.tests.downstream.test_metadata_font_copyright.CheckMetadataContainsReservedFontName.test_copyright_matches_pattern(): OK
bakery_lint.tests.downstream.test_metadata_font_copyright.CheckMetadataContainsReservedFontName.test_metadata_copyright_size(): OK
bakery_lint.tests.downstream.test_check_monospace_agreements.CheckMonospaceAgreement.test_check_monospace_agreement(): OK
bakery_lint.tests.downstream.test_check_canonical_weights.CheckCanonicalWeights.test_check_canonical_weights(): FAIL
bakery_lint.tests.downstream.test_check_canonical_weights.CheckPostScriptNameMatchesWeight.test_postscriptname_contains_correct_weight(): OK
bakery_lint.tests.downstream.test_check_canonical_weights.CheckFontWeightSameAsInMetadata.test_font_weight_same_as_in_metadata(): FAIL
bakery_lint.tests.downstream.test_check_canonical_weights.CheckFullNameEqualCanonicalName.test_metadata_contains_current_font(): OK
bakery_lint.tests.downstream.test_check_metadata_matches_nametable.CheckMetadataMatchesNameTable.test_check_metadata_matches_nametable(): FAIL
{
  "name": "Almendra SC", 
  "designer": "Ana Sanfelippo", 
  "license": "OFL", 
  "visibility": "External", 
  "category": "Serif", 
  "size": 17424, 
  "fonts": [
    {
      "name": "Almendra SC", 
      "postScriptName": "AlmendraSC-BoldItalic", 
      "fullName": "Almendra SC Bold Italic", 
      "style": "italic", 
      "weight": 700, 
      "filename": "AlmendraSC-BoldItalic.ttf", 
      "copyright": "Copyright (c) 2011-2012, Ana Sanfelippo (anasanfe@gmail.com), with Reserved Font Name 'Almendra'"
    }, 
    {
      "name": "Almendra SC", 
      "postScriptName": "AlmendraSC-BoldItalic", 
      "fullName": "Almendra SC Bold Italic", 
      "style": "italic", 
      "weight": 700, 
      "filename": "AlmendraSC-BoldItalic-TTF.ttf", 
      "copyright": "Copyright (c) 2011-2012, Ana Sanfelippo (anasanfe@gmail.com), with Reserved Font Name 'Almendra'"
    }, 
    {
      "name": "Almendra SC", 
      "postScriptName": "AlmendraSC-Bold", 
      "fullName": "AlmendraSC-Bold", 
      "style": "normal", 
      "weight": 700, 
      "filename": "AlmendraSC-Regular.ttf", 
      "copyright": "Copyright (c) 2011-2102, Ana Sanfelippo (anasanfe@gmail.com), with Reserved Font Name 'Almendra'"
    }, 
    {
      "name": "Almendra SC", 
      "postScriptName": "AlmendraSC-Bold", 
      "fullName": "Almendra SC Bold", 
      "style": "normal", 
      "weight": 700, 
      "filename": "AlmendraSC-Bold.ttf", 
      "copyright": "Copyright (c) 2011-2012, Ana Sanfelippo (anasanfe@gmail.com), with Reserved Font Name 'Almendra'"
    }, 
    {
      "name": "Almendra SC", 
      "postScriptName": "AlmendraSC-Regular", 
      "fullName": "Almendra SC", 
      "style": "normal", 
      "weight": 400, 
      "filename": "AlmendraSC-Regular-TTF.ttf", 
      "copyright": "Copyright (c) 2011-2012, Ana Sanfelippo (anasanfe@gmail.com), with Reserved Font Name 'Almendra'"
    }, 
    {
      "name": "Almendra SC", 
      "postScriptName": "AlmendraSC-Bold", 
      "fullName": "Almendra SC Bold", 
      "style": "normal", 
      "weight": 700, 
      "filename": "AlmendraSC-Bold-TTF.ttf", 
      "copyright": "Copyright (c) 2011-2012, Ana Sanfelippo (anasanfe@gmail.com), with Reserved Font Name 'Almendra'"
    }, 
    {
      "name": "Almendra SC", 
      "postScriptName": "AlmendraSC-Italic", 
      "fullName": "Almendra SC Italic", 
      "style": "italic", 
      "weight": 400, 
      "filename": "AlmendraSC-Italic.ttf", 
      "copyright": "Copyright (c) 2011-2012, Ana Sanfelippo (anasanfe@gmail.com), with Reserved Font Name 'Almendra'"
    }
  ], 
  "subsets": [
    "latin", 
    "menu"
  ], 
  "dateAdded": "2011-12-19"
}
